Component: ARM Compiler 5.06 update 7 (build 960) Tool: armlink [4d3601]

==============================================================================

Section Cross References

    startup_stm32f103xb.o(STACK) refers (Special) to heapauxi.o(.text) for __use_two_region_memory
    startup_stm32f103xb.o(HEAP) refers (Special) to heapauxi.o(.text) for __use_two_region_memory
    startup_stm32f103xb.o(RESET) refers (Special) to heapauxi.o(.text) for __use_two_region_memory
    startup_stm32f103xb.o(RESET) refers to startup_stm32f103xb.o(STACK) for __initial_sp
    startup_stm32f103xb.o(RESET) refers to startup_stm32f103xb.o(.text) for Reset_Handler
    startup_stm32f103xb.o(RESET) refers to stm32f1xx_it.o(i.NMI_Handler) for NMI_Handler
    startup_stm32f103xb.o(RESET) refers to stm32f1xx_it.o(i.HardFault_Handler) for HardFault_Handler
    startup_stm32f103xb.o(RESET) refers to stm32f1xx_it.o(i.MemManage_Handler) for MemManage_Handler
    startup_stm32f103xb.o(RESET) refers to stm32f1xx_it.o(i.BusFault_Handler) for BusFault_Handler
    startup_stm32f103xb.o(RESET) refers to stm32f1xx_it.o(i.UsageFault_Handler) for UsageFault_Handler
    startup_stm32f103xb.o(RESET) refers to port.o(.emb_text) for SVC_Handler
    startup_stm32f103xb.o(RESET) refers to stm32f1xx_it.o(i.DebugMon_Handler) for DebugMon_Handler
    startup_stm32f103xb.o(RESET) refers to port.o(i.SysTick_Handler) for SysTick_Handler
    startup_stm32f103xb.o(RESET) refers to stm32f1xx_it.o(i.DMA1_Channel1_IRQHandler) for DMA1_Channel1_IRQHandler
    startup_stm32f103xb.o(RESET) refers to stm32f1xx_it.o(i.USB_HP_CAN1_TX_IRQHandler) for USB_HP_CAN1_TX_IRQHandler
    startup_stm32f103xb.o(RESET) refers to stm32f1xx_it.o(i.USB_LP_CAN1_RX0_IRQHandler) for USB_LP_CAN1_RX0_IRQHandler
    startup_stm32f103xb.o(RESET) refers to stm32f1xx_it.o(i.CAN1_RX1_IRQHandler) for CAN1_RX1_IRQHandler
    startup_stm32f103xb.o(RESET) refers to stm32f1xx_it.o(i.CAN1_SCE_IRQHandler) for CAN1_SCE_IRQHandler
    startup_stm32f103xb.o(RESET) refers to stm32f1xx_it.o(i.TIM1_UP_IRQHandler) for TIM1_UP_IRQHandler
    startup_stm32f103xb.o(.text) refers (Special) to heapauxi.o(.text) for __use_two_region_memory
    startup_stm32f103xb.o(.text) refers to system_stm32f1xx.o(i.SystemInit) for SystemInit
    startup_stm32f103xb.o(.text) refers to __main.o(!!!main) for __main
    startup_stm32f103xb.o(.text) refers to startup_stm32f103xb.o(HEAP) for Heap_Mem
    startup_stm32f103xb.o(.text) refers to startup_stm32f103xb.o(STACK) for Stack_Mem
    main.o(i.HAL_TIM_PeriodElapsedCallback) refers to stm32f1xx_hal.o(i.HAL_IncTick) for HAL_IncTick
    main.o(i.SystemClock_Config) refers to rt_memclr_w.o(.text) for __aeabi_memclr4
    main.o(i.SystemClock_Config) refers to stm32f1xx_hal_rcc.o(i.HAL_RCC_OscConfig) for HAL_RCC_OscConfig
    main.o(i.SystemClock_Config) refers to stm32f1xx_hal_rcc.o(i.HAL_RCC_ClockConfig) for HAL_RCC_ClockConfig
    main.o(i.SystemClock_Config) refers to stm32f1xx_hal_rcc_ex.o(i.HAL_RCCEx_PeriphCLKConfig) for HAL_RCCEx_PeriphCLKConfig
    main.o(i.main) refers to stm32f1xx_hal.o(i.HAL_Init) for HAL_Init
    main.o(i.main) refers to main.o(i.SystemClock_Config) for SystemClock_Config
    main.o(i.main) refers to gpio.o(i.MX_GPIO_Init) for MX_GPIO_Init
    main.o(i.main) refers to dma.o(i.MX_DMA_Init) for MX_DMA_Init
    main.o(i.main) refers to adc.o(i.MX_ADC1_Init) for MX_ADC1_Init
    main.o(i.main) refers to can.o(i.MX_CAN_Init) for MX_CAN_Init
    main.o(i.main) refers to crc.o(i.MX_CRC_Init) for MX_CRC_Init
    main.o(i.main) refers to usart.o(i.MX_USART1_UART_Init) for MX_USART1_UART_Init
    main.o(i.main) refers to usart.o(i.MX_USART3_UART_Init) for MX_USART3_UART_Init
    main.o(i.main) refers to freertos.o(i.MX_FREERTOS_Init) for MX_FREERTOS_Init
    main.o(i.main) refers to cmsis_os.o(i.osKernelStart) for osKernelStart
    gpio.o(i.MX_GPIO_Init) refers to stm32f1xx_hal_gpio.o(i.HAL_GPIO_WritePin) for HAL_GPIO_WritePin
    gpio.o(i.MX_GPIO_Init) refers to stm32f1xx_hal_gpio.o(i.HAL_GPIO_Init) for HAL_GPIO_Init
    freertos.o(i.MX_FREERTOS_Init) refers to rt_memcpy_w.o(.text) for __aeabi_memcpy4
    freertos.o(i.MX_FREERTOS_Init) refers to cmsis_os.o(i.osThreadCreate) for osThreadCreate
    freertos.o(i.MX_FREERTOS_Init) refers to freertos.o(.constdata) for .constdata
    freertos.o(i.MX_FREERTOS_Init) refers to freertos.o(.data) for .data
    freertos.o(i.StartDefaultTask) refers to cmsis_os.o(i.osDelay) for osDelay
    freertos.o(i.vApplicationGetIdleTaskMemory) refers to freertos.o(.bss) for .bss
    freertos.o(.constdata) refers to freertos.o(.conststring) for .conststring
    freertos.o(.constdata) refers to freertos.o(i.StartDefaultTask) for StartDefaultTask
    freertos.o(.constdata) refers to senddatatask.o(i.StartSendDataTask) for StartSendDataTask
    freertos.o(.constdata) refers to joint_task.o(i.joint_task) for joint_task
    freertos.o(.constdata) refers to message_task.o(i.message_task) for message_task
[...]
    seq                                      0x20000242   Data           1  senddatatask.o(.data)
    .bss                                     0x20000250   Section      596  freertos.o(.bss)
    xIdleTaskTCBBuffer                       0x20000250   Data          84  freertos.o(.bss)
    xIdleStack                               0x200002a4   Data         512  freertos.o(.bss)
    .bss                                     0x200004a4   Section      116  adc.o(.bss)
    .bss                                     0x20000518   Section       40  can.o(.bss)
    .bss                                     0x20000540   Section      144  usart.o(.bss)
    .bss                                     0x200005d0   Section       72  stm32f1xx_hal_timebase_tim.o(.bss)
    .bss                                     0x20000618   Section      240  tasks.o(.bss)
    pxReadyTasksLists                        0x20000618   Data         140  tasks.o(.bss)
    xDelayedTaskList1                        0x200006a4   Data          20  tasks.o(.bss)
    xDelayedTaskList2                        0x200006b8   Data          20  tasks.o(.bss)
    xPendingReadyList                        0x200006cc   Data          20  tasks.o(.bss)
    xTasksWaitingTermination                 0x200006e0   Data          20  tasks.o(.bss)
    xSuspendedTaskList                       0x200006f4   Data          20  tasks.o(.bss)
    .bss                                     0x20000708   Section     3072  heap_4.o(.bss)
    ucHeap                                   0x20000708   Data        3072  heap_4.o(.bss)
    .bss                                     0x20001308   Section       72  joint_task.o(.bss)
    .bss                                     0x20001350   Section       71  senddatatask.o(.bss)
    .bss                                     0x20001398   Section       96  libspace.o(.bss)
    HEAP                                     0x200013f8   Section      512  startup_stm32f103xb.o(HEAP)
    Heap_Mem                                 0x200013f8   Data         512  startup_stm32f103xb.o(HEAP)
    STACK                                    0x200015f8   Section     1024  startup_stm32f103xb.o(STACK)
    Stack_Mem                                0x200015f8   Data        1024  startup_stm32f103xb.o(STACK)
    __initial_sp                             0x200019f8   Data           0  startup_stm32f103xb.o(STACK)

    Global Symbols

    Symbol Name                              Value     Ov Type        Size  Object(Section)

    BuildAttributes$$THM_ISAv4$P$D$K$B$S$PE$A:L22UL41UL21$X:L11$S22US41US21$IEEE1$IW$USESV6$~STKCKD$USESV7$~SHL$OTIME$ROPI$IEEEX$EBA8$UX$STANDARDLIB$REQ8$PRES8$EABIv2 0x00000000   Number         0  anon$$obj.o ABSOLUTE
    __ARM_use_no_argv                        0x00000000   Number         0  main.o ABSOLUTE
    __ARM_exceptions_init                     - Undefined Weak Reference
    __alloca_initialize                       - Undefined Weak Reference
    __arm_fini_                               - Undefined Weak Reference
    __arm_preinit_                            - Undefined Weak Reference
    __cpp_initialize__aeabi_                  - Undefined Weak Reference
    __cxa_finalize                            - Undefined Weak Reference
    __rt_locale                               - Undefined Weak Reference
    __sigvec_lookup                           - Undefined Weak Reference
    _atexit_init                              - Undefined Weak Reference
    _call_atexit_fns                          - Undefined Weak Reference
    _clock_init                               - Undefined Weak Reference
    _fp_trap_init                             - Undefined Weak Reference
    _fp_trap_shutdown                         - Undefined Weak Reference
    _get_lc_collate                           - Undefined Weak Reference
    _get_lc_ctype                             - Undefined Weak Reference
    _get_lc_monetary                          - Undefined Weak Reference
    _get_lc_numeric                           - Undefined Weak Reference
    _get_lc_time                              - Undefined Weak Reference
    _getenv_init                              - Undefined Weak Reference
    _handle_redirection                       - Undefined Weak Reference
    _init_alloc                               - Undefined Weak Reference
    _init_user_alloc                          - Undefined Weak Reference
    _initio                                   - Undefined Weak Reference
    _rand_init                                - Undefined Weak Reference
    _signal_finish                            - Undefined Weak Reference
    _signal_init                              - Undefined Weak Reference
    _terminate_alloc                          - Undefined Weak Reference
    _terminate_user_alloc                     - Undefined Weak Reference
    _terminateio                              - Undefined Weak Reference
    __Vectors_Size                           0x000000ec   Number         0  startup_stm32f103xb.o ABSOLUTE
    __Vectors                                0x08000000   Data           4  startup_stm32f103xb.o(RESET)
    __Vectors_End                            0x080000ec   Data           0  startup_stm32f103xb.o(RESET)
    __main                                   0x080000ed   Thumb Code     8  __main.o(!!!main)
    __scatterload                            0x080000f5   Thumb Code     0  __scatter.o(!!!scatter)
    __scatterload_rt2                        0x080000f5   Thumb Code    44  __scatter.o(!!!scatter)
    __scatterload_rt2_thumb_only             0x080000f5   Thumb Code     0  __scatter.o(!!!scatter)
    __scatterload_null                       0x08000103   Thumb Code     0  __scatter.o(!!!scatter)
    __decompress                             0x08000129   Thumb Code    58  __dczerorl.o(!!dczerorl)
    __decompress0                            0x08000129   Thumb Code     0  __dczerorl.o(!!dczerorl)
    __scatterload_zeroinit                   0x08000165   Thumb Code    28  __scatter_zi.o(!!handler_zi)
    __rt_lib_init                            0x08000181   Thumb Code     0  libinit.o(.ARM.Collect$$libinit$$00000000)
    __rt_lib_init_alloca_1                   0x08000183   Thumb Code     0  libinit2.o(.ARM.Collect$$libinit$$0000002E)
    __rt_lib_init_argv_1                     0x08000183   Thumb Code     0  libinit2.o(.ARM.Collect$$libinit$$0000002C)
    __rt_lib_init_atexit_1                   0x08000183   Thumb Code     0  libinit2.o(.ARM.Collect$$libinit$$0000001B)
    __rt_lib_init_clock_1                    0x08000183   Thumb Code     0  libinit2.o(.ARM.Collect$$libinit$$00000021)
    __rt_lib_init_cpp_1                      0x08000183   Thumb Code     0  libinit2.o(.ARM.Collect$$libinit$$00000032)
    __rt_lib_init_exceptions_1               0x08000183   Thumb Code     0  libinit2.o(.ARM.Collect$$libinit$$00000030)
    __rt_lib_init_fp_1                       0x08000183   Thumb Code     0  libinit2.o(.ARM.Collect$$libinit$$00000002)
    __rt_lib_init_fp_trap_1                  0x08000183   Thumb Code     0  libinit2.o(.ARM.Collect$$libinit$$0000001F)
    __rt_lib_init_getenv_1                   0x08000183   Thumb Code     0  libinit2.o(.ARM.Collect$$libinit$$00000023)
    __rt_lib_init_heap_1                     0x08000183   Thumb Code     0  libinit2.o(.ARM.Collect$$libinit$$0000000A)
    __rt_lib_init_lc_collate_1               0x08000183   Thumb Code     0  libinit2.o(.ARM.Collect$$libinit$$00000011)
    __rt_lib_init_lc_ctype_1                 0x08000183   Thumb Code     0  libinit2.o(.ARM.Collect$$libinit$$00000013)
    __rt_lib_init_lc_monetary_1              0x08000183   Thumb Code     0  libinit2.o(.ARM.Collect$$libinit$$00000015)
    __rt_lib_init_lc_numeric_1               0x08000183   Thumb Code     0  libinit2.o(.ARM.Collect$$libinit$$00000017)
    __rt_lib_init_lc_time_1                  0x08000183   Thumb Code     0  libinit2.o(.ARM.Collect$$libinit$$00000019)
    __rt_lib_init_preinit_1                  0x08000183   Thumb Code     0  libinit2.o(.ARM.Collect$$libinit$$00000004)
    __rt_lib_init_rand_1                     0x08000183   Thumb Code     0  libinit2.o(.ARM.Collect$$libinit$$0000000E)
    __rt_lib_init_return                     0x08000183   Thumb Code     0  libinit2.o(.ARM.Collect$$libinit$$00000033)
    __rt_lib_init_signal_1                   0x08000183   Thumb Code     0  libinit2.o(.ARM.Collect$$libinit$$0000001D)
    __rt_lib_init_stdio_1                    0x08000183   Thumb Code     0  libinit2.o(.ARM.Collect$$libinit$$00000025)
    __rt_lib_init_user_alloc_1               0x08000183   Thumb Code     0  libinit2.o(.ARM.Collect$$libinit$$0000000C)
    __rt_lib_shutdown                        0x08000185   Thumb Code     0  libshutdown.o(.ARM.Collect$$libshutdown$$00000000)
    __rt_lib_shutdown_cpp_1                  0x08000187   Thumb Code     0  libshutdown2.o(.ARM.Collect$$libshutdown$$00000004)
    __rt_lib_shutdown_fini_1                 0x08000187   Thumb Code     0  libshutdown2.o(.ARM.Collect$$libshutdown$$00000002)
    __rt_lib_shutdown_fp_trap_1              0x08000187   Thumb Code     0  libshutdown2.o(.ARM.Collect$$libshutdown$$00000009)
    __rt_lib_shutdown_heap_1                 0x08000187   Thumb Code     0  libshutdown2.o(.ARM.Collect$$libshutdown$$00000011)
    __rt_lib_shutdown_return                 0x08000187   Thumb Code     0  libshutdown2.o(.ARM.Collect$$libshutdown$$00000012)
    __rt_lib_shutdown_signal_1               0x08000187   Thumb Code     0  libshutdown2.o(.ARM.Collect$$libshutdown$$0000000C)
    __rt_lib_shutdown_stdio_1                0x08000187   Thumb Code     0  libshutdown2.o(.ARM.Collect$$libshutdown$$00000006)
    __rt_lib_shutdown_user_alloc_1           0x08000187   Thumb Code     0  libshutdown2.o(.ARM.Collect$$libshutdown$$0000000E)
    __rt_entry                               0x08000189   Thumb Code     0  __rtentry.o(.ARM.Collect$$rtentry$$00000000)
    __rt_entry_presh_1                       0x08000189   Thumb Code     0  __rtentry2.o(.ARM.Collect$$rtentry$$00000002)
    __rt_entry_sh                            0x08000189   Thumb Code     0  __rtentry4.o(.ARM.Collect$$rtentry$$00000004)
    __rt_entry_li                            0x0800018f   Thumb Code     0  __rtentry2.o(.ARM.Collect$$rtentry$$0000000A)
    __rt_entry_postsh_1                      0x0800018f   Thumb Code     0  __rtentry2.o(.ARM.Collect$$rtentry$$00000009)
    __rt_entry_main                          0x08000193   Thumb Code     0  __rtentry2.o(.ARM.Collect$$rtentry$$0000000D)
    __rt_entry_postli_1                      0x08000193   Thumb Code     0  __rtentry2.o(.ARM.Collect$$rtentry$$0000000C)
    __rt_exit                                0x0800019b   Thumb Code     0  rtexit.o(.ARM.Collect$$rtexit$$00000000)
    __rt_exit_ls                             0x0800019d   Thumb Code     0  rtexit2.o(.ARM.Collect$$rtexit$$00000003)
    __rt_exit_prels_1                        0x0800019d   Thumb Code     0  rtexit2.o(.ARM.Collect$$rtexit$$00000002)
    __rt_exit_exit                           0x080001a1   Thumb Code     0  rtexit2.o(.ARM.Collect$$rtexit$$00000004)
    SVC_Handler                              0x080001a9   Thumb Code    32  port.o(.emb_text)
    __asm___6_port_c_39a90d8d__prvStartFirstTask 0x080001cd   Thumb Code    28  port.o(.emb_text)
    PendSV_Handler                           0x080001ed   Thumb Code    72  port.o(.emb_text)
    vPortGetIPSR                             0x08000239   Thumb Code     6  port.o(.emb_text)
    Reset_Handler                            0x08000241   Thumb Code     8  startup_stm32f103xb.o(.text)
    ADC1_2_IRQHandler                        0x0800025b   Thumb Code     0  startup_stm32f103xb.o(.text)
    DMA1_Channel2_IRQHandler                 0x0800025b   Thumb Code     0  startup_stm32f103xb.o(.text)
    DMA1_Channel3_IRQHandler                 0x0800025b   Thumb Code     0  startup_stm32f103xb.o(.text)
    DMA1_Channel4_IRQHandler                 0x0800025b   Thumb Code     0  startup_stm32f103xb.o(.text)
    DMA1_Channel5_IRQHandler                 0x0800025b   Thumb Code     0  startup_stm32f103xb.o(.text)
    DMA1_Channel6_IRQHandler                 0x0800025b   Thumb Code     0  startup_stm32f103xb.o(.text)
    DMA1_Channel7_IRQHandler                 0x0800025b   Thumb Code     0  startup_stm32f103xb.o(.text)
    EXTI0_IRQHandler                         0x0800025b   Thumb Code     0  startup_stm32f103xb.o(.text)
    EXTI15_10_IRQHandler                     0x0800025b   Thumb Code     0  startup_stm32f103xb.o(.text)
    EXTI1_IRQHandler                         0x0800025b   Thumb Code     0  startup_stm32f103xb.o(.text)
    EXTI2_IRQHandler                         0x0800025b   Thumb Code     0  startup_stm32f103xb.o(.text)
    EXTI3_IRQHandler                         0x0800025b   Thumb Code     0  startup_stm32f103xb.o(.text)
    EXTI4_IRQHandler                         0x0800025b   Thumb Code     0  startup_stm32f103xb.o(.text)
    EXTI9_5_IRQHandler                       0x0800025b   Thumb Code     0  startup_stm32f103xb.o(.text)
    FLASH_IRQHandler                         0x0800025b   Thumb Code     0  startup_stm32f103xb.o(.text)
    I2C1_ER_IRQHandler                       0x0800025b   Thumb Code     0  startup_stm32f103xb.o(.text)
    I2C1_EV_IRQHandler                       0x0800025b   Thumb Code     0  startup_stm32f103xb.o(.text)
    I2C2_ER_IRQHandler                       0x0800025b   Thumb Code     0  startup_stm32f103xb.o(.text)
    I2C2_EV_IRQHandler                       0x0800025b   Thumb Code     0  startup_stm32f103xb.o(.text)
    PVD_IRQHandler                           0x0800025b   Thumb Code     0  startup_stm32f103xb.o(.text)
    RCC_IRQHandler                           0x0800025b   Thumb Code     0  startup_stm32f103xb.o(.text)
    RTC_Alarm_IRQHandler                     0x0800025b   Thumb Code     0  startup_stm32f103xb.o(.text)
    RTC_IRQHandler                           0x0800025b   Thumb Code     0  startup_stm32f103xb.o(.text)
    SPI1_IRQHandler                          0x0800025b   Thumb Code     0  startup_stm32f103xb.o(.text)
    SPI2_IRQHandler                          0x0800025b   Thumb Code     0  startup_stm32f103xb.o(.text)
    TAMPER_IRQHandler                        0x0800025b   Thumb Code     0  startup_stm32f103xb.o(.text)
    TIM1_BRK_IRQHandler                      0x0800025b   Thumb Code     0  startup_stm32f103xb.o(.text)
    TIM1_CC_IRQHandler                       0x0800025b   Thumb Code     0  startup_stm32f103xb.o(.text)
    TIM1_TRG_COM_IRQHandler                  0x0800025b   Thumb Code     0  startup_stm32f103xb.o(.text)
    TIM2_IRQHandler                          0x0800025b   Thumb Code     0  startup_stm32f103xb.o(.text)
    TIM3_IRQHandler                          0x0800025b   Thumb Code     0  startup_stm32f103xb.o(.text)
    TIM4_IRQHandler                          0x0800025b   Thumb Code     0  startup_stm32f103xb.o(.text)
    USART1_IRQHandler                        0x0800025b   Thumb Code     0  startup_stm32f103xb.o(.text)
    USART2_IRQHandler                        0x0800025b   Thumb Code     0  startup_stm32f103xb.o(.text)
    USART3_IRQHandler                        0x0800025b   Thumb Code     0  startup_stm32f103xb.o(.text)
    USBWakeUp_IRQHandler                     0x0800025b   Thumb Code     0  startup_stm32f103xb.o(.text)
    WWDG_IRQHandler                          0x0800025b   Thumb Code     0  startup_stm32f103xb.o(.text)
    __user_initial_stackheap                 0x0800025d   Thumb Code     0  startup_stm32f103xb.o(.text)
    __aeabi_memcpy                           0x08000281   Thumb Code     0  rt_memcpy_v6.o(.text)
    __rt_memcpy                              0x08000281   Thumb Code   138  rt_memcpy_v6.o(.text)
    _memcpy_lastbytes                        0x080002e7   Thumb Code     0  rt_memcpy_v6.o(.text)
    __aeabi_memcpy4                          0x0800030b   Thumb Code     0  rt_memcpy_w.o(.text)
    __aeabi_memcpy8                          0x0800030b   Thumb Code     0  rt_memcpy_w.o(.text)
    __rt_memcpy_w                            0x0800030b   Thumb Code   100  rt_memcpy_w.o(.text)
    _memcpy_lastbytes_aligned                0x08000353   Thumb Code     0  rt_memcpy_w.o(.text)
    __aeabi_memclr4                          0x0800036f   Thumb Code     0  rt_memclr_w.o(.text)
    __aeabi_memclr8                          0x0800036f   Thumb Code     0  rt_memclr_w.o(.text)
    __rt_memclr_w                            0x0800036f   Thumb Code    78  rt_memclr_w.o(.text)
    _memset_w                                0x08000373   Thumb Code     0  rt_memclr_w.o(.text)
    __use_two_region_memory                  0x080003bd   Thumb Code     2  heapauxi.o(.text)
    __rt_heap_escrow$2region                 0x080003bf   Thumb Code     2  heapauxi.o(.text)
    __rt_heap_expand$2region                 0x080003c1   Thumb Code     2  heapauxi.o(.text)
    __read_errno                             0x080003c3   Thumb Code    10  _rserrno.o(.text)
    __set_errno                              0x080003cd   Thumb Code    12  _rserrno.o(.text)
    __aeabi_errno_addr                       0x080003d9   Thumb Code     8  rt_errno_addr_intlibspace.o(.text)
    __errno$intlibspace                      0x080003d9   Thumb Code     0  rt_errno_addr_intlibspace.o(.text)
    __rt_errno_addr$intlibspace              0x080003d9   Thumb Code     0  rt_errno_addr_intlibspace.o(.text)
    __user_libspace                          0x080003e1   Thumb Code     8  libspace.o(.text)
    __user_perproc_libspace                  0x080003e1   Thumb Code     0  libspace.o(.text)
    __user_perthread_libspace                0x080003e1   Thumb Code     0  libspace.o(.text)
    __user_setup_stackheap                   0x080003e9   Thumb Code    74  sys_stackheap_outer.o(.text)
    exit                                     0x08000433   Thumb Code    18  exit.o(.text)
    _sys_exit                                0x08000445   Thumb Code     8  sys_exit.o(.text)
    __I$use$semihosting                      0x08000451   Thumb Code     0  use_no_semi.o(.text)
    __use_no_semihosting_swi                 0x08000451   Thumb Code     2  use_no_semi.o(.text)
    __semihosting_library_function           0x08000453   Thumb Code     0  indicate_semi.o(.text)
    ADC_ConversionStop_Disable               0x08000455   Thumb Code    86  stm32f1xx_hal_adc.o(i.ADC_ConversionStop_Disable)
    ADC_DMAConvCplt                          0x080004ab   Thumb Code    78  stm32f1xx_hal_adc.o(i.ADC_DMAConvCplt)
    ADC_DMAError                             0x080004f9   Thumb Code    26  stm32f1xx_hal_adc.o(i.ADC_DMAError)
    ADC_DMAHalfConvCplt                      0x08000513   Thumb Code    10  stm32f1xx_hal_adc.o(i.ADC_DMAHalfConvCplt)
    ADC_Enable                               0x0800051d   Thumb Code   114  stm32f1xx_hal_adc.o(i.ADC_Enable)
    BusFault_Handler                         0x08000599   Thumb Code     2  stm32f1xx_it.o(i.BusFault_Handler)
    CAN1_RX1_IRQHandler                      0x0800059d   Thumb Code     6  stm32f1xx_it.o(i.CAN1_RX1_IRQHandler)
    CAN1_SCE_IRQHandler                      0x080005a9   Thumb Code     6  stm32f1xx_it.o(i.CAN1_SCE_IRQHandler)
    CAN_Filter_Mask_Config                   0x080005b5   Thumb Code    84  drv_can.o(i.CAN_Filter_Mask_Config)
    CAN_Init                                 0x08000609   Thumb Code    66  drv_can.o(i.CAN_Init)
    CAN_SEND_Data                            0x08000651   Thumb Code    28  drv_can.o(i.CAN_SEND_Data)
    DMA1_Channel1_IRQHandler                 0x0800066d   Thumb Code     6  stm32f1xx_it.o(i.DMA1_Channel1_IRQHandler)
    DebugMon_Handler                         0x080006a3   Thumb Code     2  stm32f1xx_it.o(i.DebugMon_Handler)
    Delay                                    0x080006a5   Thumb Code    16  nrf24l01.o(i.Delay)
    Error_Handler                            0x080006b5   Thumb Code     4  main.o(i.Error_Handler)
    HAL_ADC_ConfigChannel                    0x080006b9   Thumb Code   240  stm32f1xx_hal_adc.o(i.HAL_ADC_ConfigChannel)
    HAL_ADC_ConvCpltCallback                 0x080007b5   Thumb Code     2  stm32f1xx_hal_adc.o(i.HAL_ADC_ConvCpltCallback)
    HAL_ADC_ConvHalfCpltCallback             0x080007b7   Thumb Code     2  stm32f1xx_hal_adc.o(i.HAL_ADC_ConvHalfCpltCallback)
    HAL_ADC_ErrorCallback                    0x080007b9   Thumb Code     2  stm32f1xx_hal_adc.o(i.HAL_ADC_ErrorCallback)
    HAL_ADC_Init                             0x080007bd   Thumb Code   272  stm32f1xx_hal_adc.o(i.HAL_ADC_Init)
    HAL_ADC_MspInit                          0x080008d9   Thumb Code   120  adc.o(i.HAL_ADC_MspInit)
    HAL_ADC_Start_DMA                        0x08000965   Thumb Code   246  stm32f1xx_hal_adc.o(i.HAL_ADC_Start_DMA)
    HAL_CAN_AddTxMessage                     0x08000a71   Thumb Code   208  stm32f1xx_hal_can.o(i.HAL_CAN_AddTxMessage)
    HAL_CAN_ConfigFilter                     0x08000b41   Thumb Code   238  stm32f1xx_hal_can.o(i.HAL_CAN_ConfigFilter)
    HAL_CAN_ErrorCallback                    0x08000c2f   Thumb Code     2  stm32f1xx_hal_can.o(i.HAL_CAN_ErrorCallback)
    HAL_CAN_GetRxMessage                     0x08000c31   Thumb Code   244  stm32f1xx_hal_can.o(i.HAL_CAN_GetRxMessage)
    HAL_CAN_IRQHandler                       0x08000d25   Thumb Code   508  stm32f1xx_hal_can.o(i.HAL_CAN_IRQHandler)
    HAL_CAN_Init                             0x08000f21   Thumb Code   282  stm32f1xx_hal_can.o(i.HAL_CAN_Init)
    HAL_CAN_MspInit                          0x0800103d   Thumb Code   160  can.o(i.HAL_CAN_MspInit)
    HAL_CAN_RxFifo0FullCallback              0x080010e9   Thumb Code     2  stm32f1xx_hal_can.o(i.HAL_CAN_RxFifo0FullCallback)
    HAL_CAN_RxFifo0MsgPendingCallback        0x080010ed   Thumb Code    48  joint_task.o(i.HAL_CAN_RxFifo0MsgPendingCallback)
    HAL_CAN_RxFifo1FullCallback              0x08001121   Thumb Code     2  stm32f1xx_hal_can.o(i.HAL_CAN_RxFifo1FullCallback)
    HAL_CAN_RxFifo1MsgPendingCallback        0x08001125   Thumb Code    48  joint_task.o(i.HAL_CAN_RxFifo1MsgPendingCallback)
    HAL_CAN_SleepCallback                    0x08001159   Thumb Code     2  stm32f1xx_hal_can.o(i.HAL_CAN_SleepCallback)
    HAL_CAN_Start                            0x0800115d   Thumb Code    88  stm32f1xx_hal_can.o(i.HAL_CAN_Start)
    HAL_CAN_TxMailbox0AbortCallback          0x080011b5   Thumb Code     2  stm32f1xx_hal_can.o(i.HAL_CAN_TxMailbox0AbortCallback)
    HAL_CAN_TxMailbox0CompleteCallback       0x080011b7   Thumb Code     2  stm32f1xx_hal_can.o(i.HAL_CAN_TxMailbox0CompleteCallback)
    HAL_CAN_TxMailbox1AbortCallback          0x080011b9   Thumb Code     2  stm32f1xx_hal_can.o(i.HAL_CAN_TxMailbox1AbortCallback)
    HAL_CAN_TxMailbox1CompleteCallback       0x080011bb   Thumb Code     2  stm32f1xx_hal_can.o(i.HAL_CAN_TxMailbox1CompleteCallback)
    HAL_CAN_TxMailbox2AbortCallback          0x080011bd   Thumb Code     2  stm32f1xx_hal_can.o(i.HAL_CAN_TxMailbox2AbortCallback)
    HAL_CAN_TxMailbox2CompleteCallback       0x080011bf   Thumb Code     2  stm32f1xx_hal_can.o(i.HAL_CAN_TxMailbox2CompleteCallback)
    HAL_CAN_WakeUpFromRxMsgCallback          0x080011c1   Thumb Code     2  stm32f1xx_hal_can.o(i.HAL_CAN_WakeUpFromRxMsgCallback)
    HAL_CRC_Init                             0x080011c3   Thumb Code    34  stm32f1xx_hal_crc.o(i.HAL_CRC_Init)
    HAL_CRC_MspInit                          0x080011e5   Thumb Code    30  crc.o(i.HAL_CRC_MspInit)
    HAL_DMA_IRQHandler                       0x0800120d   Thumb Code   316  stm32f1xx_hal_dma.o(i.HAL_DMA_IRQHandler)
    HAL_DMA_Init                             0x08001361   Thumb Code    84  stm32f1xx_hal_dma.o(i.HAL_DMA_Init)
    HAL_DMA_Start_IT                         0x080013bd   Thumb Code   112  stm32f1xx_hal_dma.o(i.HAL_DMA_Start_IT)
    HAL_GPIO_Init                            0x0800142d   Thumb Code   446  stm32f1xx_hal_gpio.o(i.HAL_GPIO_Init)
    HAL_GPIO_ReadPin                         0x0800160d   Thumb Code    10  stm32f1xx_hal_gpio.o(i.HAL_GPIO_ReadPin)
    HAL_GPIO_WritePin                        0x08001617   Thumb Code    10  stm32f1xx_hal_gpio.o(i.HAL_GPIO_WritePin)
    HAL_GetTick                              0x08001621   Thumb Code     6  stm32f1xx_hal.o(i.HAL_GetTick)
    HAL_IncTick                              0x0800162d   Thumb Code    12  stm32f1xx_hal.o(i.HAL_IncTick)
    HAL_Init                                 0x0800163d   Thumb Code    32  stm32f1xx_hal.o(i.HAL_Init)
    HAL_InitTick                             0x08001661   Thumb Code   118  stm32f1xx_hal_timebase_tim.o(i.HAL_InitTick)
    HAL_MspInit                              0x080016ed   Thumb Code    62  stm32f1xx_hal_msp.o(i.HAL_MspInit)
    HAL_NVIC_EnableIRQ                       0x08001735   Thumb Code    26  stm32f1xx_hal_cortex.o(i.HAL_NVIC_EnableIRQ)
    HAL_NVIC_SetPriority                     0x08001751   Thumb Code    60  stm32f1xx_hal_cortex.o(i.HAL_NVIC_SetPriority)
    HAL_NVIC_SetPriorityGrouping             0x08001791   Thumb Code    26  stm32f1xx_hal_cortex.o(i.HAL_NVIC_SetPriorityGrouping)
    HAL_RCCEx_PeriphCLKConfig                0x080017b5   Thumb Code   224  stm32f1xx_hal_rcc_ex.o(i.HAL_RCCEx_PeriphCLKConfig)
    HAL_RCC_ClockConfig                      0x080018a1   Thumb Code   280  stm32f1xx_hal_rcc.o(i.HAL_RCC_ClockConfig)
    HAL_RCC_GetClockConfig                   0x080019cd   Thumb Code    54  stm32f1xx_hal_rcc.o(i.HAL_RCC_GetClockConfig)
    HAL_RCC_GetPCLK1Freq                     0x08001a0d   Thumb Code    20  stm32f1xx_hal_rcc.o(i.HAL_RCC_GetPCLK1Freq)
    HAL_RCC_GetPCLK2Freq                     0x08001a2d   Thumb Code    20  stm32f1xx_hal_rcc.o(i.HAL_RCC_GetPCLK2Freq)
    HAL_RCC_GetSysClockFreq                  0x08001a4d   Thumb Code    58  stm32f1xx_hal_rcc.o(i.HAL_RCC_GetSysClockFreq)
    HAL_RCC_OscConfig                        0x08001a99   Thumb Code   778  stm32f1xx_hal_rcc.o(i.HAL_RCC_OscConfig)
    HAL_TIMEx_BreakCallback                  0x08001db9   Thumb Code     2  stm32f1xx_hal_tim_ex.o(i.HAL_TIMEx_BreakCallback)
    HAL_TIMEx_CommutCallback                 0x08001dbb   Thumb Code     2  stm32f1xx_hal_tim_ex.o(i.HAL_TIMEx_CommutCallback)
    HAL_TIM_Base_Init                        0x08001dbd   Thumb Code    90  stm32f1xx_hal_tim.o(i.HAL_TIM_Base_Init)
    HAL_TIM_Base_MspInit                     0x08001e17   Thumb Code     2  stm32f1xx_hal_tim.o(i.HAL_TIM_Base_MspInit)
    HAL_TIM_Base_Start_IT                    0x08001e19   Thumb Code    76  stm32f1xx_hal_tim.o(i.HAL_TIM_Base_Start_IT)
    HAL_TIM_IC_CaptureCallback               0x08001e71   Thumb Code     2  stm32f1xx_hal_tim.o(i.HAL_TIM_IC_CaptureCallback)
    HAL_TIM_IRQHandler                       0x08001e73   Thumb Code   358  stm32f1xx_hal_tim.o(i.HAL_TIM_IRQHandler)
    HAL_TIM_OC_DelayElapsedCallback          0x08001fd9   Thumb Code     2  stm32f1xx_hal_tim.o(i.HAL_TIM_OC_DelayElapsedCallback)
    HAL_TIM_PWM_PulseFinishedCallback        0x08001fdb   Thumb Code     2  stm32f1xx_hal_tim.o(i.HAL_TIM_PWM_PulseFinishedCallback)
    HAL_TIM_PeriodElapsedCallback            0x08001fdd   Thumb Code    14  main.o(i.HAL_TIM_PeriodElapsedCallback)
    HAL_TIM_TriggerCallback                  0x08001ff1   Thumb Code     2  stm32f1xx_hal_tim.o(i.HAL_TIM_TriggerCallback)
    HAL_UART_Init                            0x08001ff3   Thumb Code   100  stm32f1xx_hal_uart.o(i.HAL_UART_Init)
    HAL_UART_MspInit                         0x08002059   Thumb Code   166  usart.o(i.HAL_UART_MspInit)
    HAL_UART_Transmit                        0x08002115   Thumb Code   154  stm32f1xx_hal_uart.o(i.HAL_UART_Transmit)
    HardFault_Handler                        0x080021af   Thumb Code     2  stm32f1xx_it.o(i.HardFault_Handler)
    Init_NRF24L01                            0x080021b1   Thumb Code   110  nrf24l01.o(i.Init_NRF24L01)
    MX_ADC1_Init                             0x0800222d   Thumb Code    70  adc.o(i.MX_ADC1_Init)
    MX_CAN_Init                              0x0800227d   Thumb Code    58  can.o(i.MX_CAN_Init)
    MX_CRC_Init                              0x080022c1   Thumb Code    28  crc.o(i.MX_CRC_Init)
    MX_DMA_Init                              0x080022e5   Thumb Code    40  dma.o(i.MX_DMA_Init)
    MX_FREERTOS_Init                         0x08002311   Thumb Code    96  freertos.o(i.MX_FREERTOS_Init)
    MX_GPIO_Init                             0x08002379   Thumb Code   188  gpio.o(i.MX_GPIO_Init)
    MX_USART1_UART_Init                      0x08002445   Thumb Code    48  usart.o(i.MX_USART1_UART_Init)
    MX_USART3_UART_Init                      0x0800247d   Thumb Code    48  usart.o(i.MX_USART3_UART_Init)
    MemManage_Handler                        0x080024b5   Thumb Code     2  stm32f1xx_it.o(i.MemManage_Handler)
    NMI_Handler                              0x080024b7   Thumb Code     2  stm32f1xx_it.o(i.NMI_Handler)
    NRF24L01_Check                           0x080024b9   Thumb Code    64  nrf24l01.o(i.NRF24L01_Check)
    NRF24L01_Read_Buf                        0x08002501   Thumb Code    68  nrf24l01.o(i.NRF24L01_Read_Buf)
    NRF24L01_Read_Reg                        0x08002549   Thumb Code    44  nrf24l01.o(i.NRF24L01_Read_Reg)
    NRF24L01_TxPacket                        0x08002579   Thumb Code    80  nrf24l01.o(i.NRF24L01_TxPacket)
    NRF24L01_Write_Buf                       0x080025cd   Thumb Code    68  nrf24l01.o(i.NRF24L01_Write_Buf)
    NRF24L01_Write_Reg                       0x08002615   Thumb Code    46  nrf24l01.o(i.NRF24L01_Write_Reg)
    RMmotor_init                             0x08002649   Thumb Code    16  rmmotor.o(i.RMmotor_init)
    SPI_ReadWriteByte                        0x08002659   Thumb Code    88  nrf24l01.o(i.SPI_ReadWriteByte)
    StartDefaultTask                         0x080026b5   Thumb Code    12  freertos.o(i.StartDefaultTask)
    StartSendDataTask                        0x080026c1   Thumb Code   360  senddatatask.o(i.StartSendDataTask)
    SysTick_Handler                          0x0800286d   Thumb Code    38  port.o(i.SysTick_Handler)
    SystemClock_Config                       0x08002899   Thumb Code   120  main.o(i.SystemClock_Config)
    SystemInit                               0x08002911   Thumb Code     2  system_stm32f1xx.o(i.SystemInit)
    TIM1_UP_IRQHandler                       0x08002915   Thumb Code     6  stm32f1xx_it.o(i.TIM1_UP_IRQHandler)
    TIM_Base_SetConfig                       0x08002921   Thumb Code    94  stm32f1xx_hal_tim.o(i.TIM_Base_SetConfig)
    TX_Mode                                  0x0800298d   Thumb Code    98  nrf24l01.o(i.TX_Mode)
    USB_HP_CAN1_TX_IRQHandler                0x08002b29   Thumb Code     6  stm32f1xx_it.o(i.USB_HP_CAN1_TX_IRQHandler)
    USB_LP_CAN1_RX0_IRQHandler               0x08002b35   Thumb Code     6  stm32f1xx_it.o(i.USB_LP_CAN1_RX0_IRQHandler)
    UsageFault_Handler                       0x08002b41   Thumb Code     2  stm32f1xx_it.o(i.UsageFault_Handler)
    __ARM_fpclassify                         0x08002b43   Thumb Code    40  fpclassify.o(i.__ARM_fpclassify)
    __ieee754_rem_pio2                       0x08002b8d   Thumb Code   828  rred.o(i.__ieee754_rem_pio2)
    __kernel_cos                             0x08002f15   Thumb Code   230  cos_i.o(i.__kernel_cos)
    __kernel_poly                            0x08003011   Thumb Code   170  poly.o(i.__kernel_poly)
    __kernel_sin                             0x080030bd   Thumb Code   224  sin_i.o(i.__kernel_sin)
    __mathlib_dbl_divzero                    0x080031a9   Thumb Code    12  dunder.o(i.__mathlib_dbl_divzero)
    __mathlib_dbl_infnan                     0x080031b9   Thumb Code     6  dunder.o(i.__mathlib_dbl_infnan)
    __mathlib_dbl_infnan2                    0x080031bf   Thumb Code     4  dunder.o(i.__mathlib_dbl_infnan2)
    __mathlib_dbl_invalid                    0x080031c3   Thumb Code    12  dunder.o(i.__mathlib_dbl_invalid)
    __mathlib_dbl_overflow                   0x080031cf   Thumb Code    14  dunder.o(i.__mathlib_dbl_overflow)
    __mathlib_dbl_underflow                  0x080031dd   Thumb Code    10  dunder.o(i.__mathlib_dbl_underflow)
    append_CRC16_check_sum                   0x080031ed   Thumb Code    36  crc8_crc16.o(i.append_CRC16_check_sum)
    append_CRC8_check_sum                    0x08003215   Thumb Code    28  crc8_crc16.o(i.append_CRC8_check_sum)
    atan                                     0x08003231   Thumb Code   474  atan.o(i.atan)
    atan2                                    0x08003451   Thumb Code   374  atan2.o(i.atan2)
    check_boundary_scara                     0x080035ed   Thumb Code   296  scara_kinematics.o(i.check_boundary_scara)
    cos                                      0x08003725   Thumb Code   148  cos.o(i.cos)
    get_CRC16_check_sum                      0x080037c1   Thumb Code    38  crc8_crc16.o(i.get_CRC16_check_sum)
    get_CRC8_check_sum                       0x080037ed   Thumb Code    24  crc8_crc16.o(i.get_CRC8_check_sum)
    gpio_init_for_this                       0x08003809   Thumb Code    42  message_task.o(i.gpio_init_for_this)
    joint_task                               0x0800383d   Thumb Code   830  joint_task.o(i.joint_task)
    main                                     0x08003bb1   Thumb Code    46  main.o(i.main)
    message_task                             0x08003beb   Thumb Code     8  message_task.o(i.message_task)
    osDelay                                  0x08003bf3   Thumb Code    14  cmsis_os.o(i.osDelay)
    osKernelStart                            0x08003c01   Thumb Code    10  cmsis_os.o(i.osKernelStart)
    osThreadCreate                           0x08003c0b   Thumb Code    84  cmsis_os.o(i.osThreadCreate)
    polyval_calc                             0x08003c5f   Thumb Code    78  scara_kinematics.o(i.polyval_calc)
    pow                                      0x08003cad   Thumb Code  2512  pow.o(i.pow)
    pvPortMalloc                             0x080049c9   Thumb Code   210  heap_4.o(i.pvPortMalloc)
    pxPortInitialiseStack                    0x08004aa1   Thumb Code    32  port.o(i.pxPortInitialiseStack)
    receive_data                             0x08004ac5   Thumb Code    42  rmmotor.o(i.receive_data)
    scara_inverse_kinematics                 0x08004af1   Thumb Code   530  scara_kinematics.o(i.scara_inverse_kinematics)
    send_to_motors                           0x08004d0d   Thumb Code    60  rmmotor.o(i.send_to_motors)
    sin                                      0x08004d49   Thumb Code   150  sin.o(i.sin)
    sqrt                                     0x08004de9   Thumb Code    76  sqrt.o(i.sqrt)
    uxListRemove                             0x08004e35   Thumb Code    38  list.o(i.uxListRemove)
    vApplicationGetIdleTaskMemory            0x08004e5d   Thumb Code    16  freertos.o(i.vApplicationGetIdleTaskMemory)
    vListInitialise                          0x08004e71   Thumb Code    22  list.o(i.vListInitialise)
    vListInitialiseItem                      0x08004e87   Thumb Code     6  list.o(i.vListInitialiseItem)
    vListInsert                              0x08004e8d   Thumb Code    48  list.o(i.vListInsert)
    vListInsertEnd                           0x08004ebd   Thumb Code    24  list.o(i.vListInsertEnd)
    vPortEnterCritical                       0x08004ed5   Thumb Code    54  port.o(i.vPortEnterCritical)
    vPortExitCritical                        0x08004f15   Thumb Code    34  port.o(i.vPortExitCritical)
    vPortFree                                0x08004f3d   Thumb Code    88  heap_4.o(i.vPortFree)
    vPortSetupTimerInterrupt                 0x08004f99   Thumb Code    32  port.o(i.vPortSetupTimerInterrupt)
    vTaskDelay                               0x08004fbd   Thumb Code    66  tasks.o(i.vTaskDelay)
    vTaskStartScheduler                      0x08005009   Thumb Code    90  tasks.o(i.vTaskStartScheduler)
    vTaskSuspendAll                          0x08005075   Thumb Code    10  tasks.o(i.vTaskSuspendAll)
    vTaskSwitchContext                       0x08005085   Thumb Code    82  tasks.o(i.vTaskSwitchContext)
    xPortStartScheduler                      0x080050e1   Thumb Code   154  port.o(i.xPortStartScheduler)
    xTaskCreate                              0x08005189   Thumb Code    90  tasks.o(i.xTaskCreate)
    xTaskCreateStatic                        0x080051e3   Thumb Code    86  tasks.o(i.xTaskCreateStatic)
    xTaskGetTickCount                        0x08005239   Thumb Code     6  tasks.o(i.xTaskGetTickCount)
    xTaskIncrementTick                       0x08005245   Thumb Code   192  tasks.o(i.xTaskIncrementTick)
    xTaskResumeAll                           0x0800530d   Thumb Code   182  tasks.o(i.xTaskResumeAll)
    __aeabi_d2f                              0x080053d1   Thumb Code     0  d2f.o(x$fpl$d2f)
    _d2f                                     0x080053d1   Thumb Code    98  d2f.o(x$fpl$d2f)
    __aeabi_dadd                             0x08005435   Thumb Code     0  daddsub_clz.o(x$fpl$dadd)
    _dadd                                    0x08005435   Thumb Code   332  daddsub_clz.o(x$fpl$dadd)
    __fpl_dcheck_NaN1                        0x08005585   Thumb Code    10  dcheck1.o(x$fpl$dcheck1)
    __fpl_dcmp_Inf                           0x08005595   Thumb Code    24  dcmpi.o(x$fpl$dcmpinf)
    __aeabi_ddiv                             0x080055ad   Thumb Code     0  ddiv.o(x$fpl$ddiv)
    _ddiv                                    0x080055ad   Thumb Code   552  ddiv.o(x$fpl$ddiv)
    __aeabi_cdcmpeq                          0x0800585d   Thumb Code     0  deqf.o(x$fpl$deqf)
    _dcmpeq                                  0x0800585d   Thumb Code   120  deqf.o(x$fpl$deqf)
    __aeabi_d2iz                             0x080058d5   Thumb Code     0  dfix.o(x$fpl$dfix)
    _dfix                                    0x080058d5   Thumb Code    94  dfix.o(x$fpl$dfix)
    __aeabi_i2d                              0x08005933   Thumb Code     0  dflt_clz.o(x$fpl$dflt)
    _dflt                                    0x08005933   Thumb Code    46  dflt_clz.o(x$fpl$dflt)
    __aeabi_ui2d                             0x08005961   Thumb Code     0  dflt_clz.o(x$fpl$dfltu)
    _dfltu                                   0x08005961   Thumb Code    38  dflt_clz.o(x$fpl$dfltu)
    __aeabi_cdcmple                          0x08005989   Thumb Code     0  dleqf.o(x$fpl$dleqf)
    _dcmple                                  0x08005989   Thumb Code   120  dleqf.o(x$fpl$dleqf)
    __fpl_dcmple_InfNaN                      0x080059eb   Thumb Code     0  dleqf.o(x$fpl$dleqf)
    __aeabi_dmul                             0x08005a01   Thumb Code     0  dmul.o(x$fpl$dmul)
    _dmul                                    0x08005a01   Thumb Code   332  dmul.o(x$fpl$dmul)
    __fpl_dnaninf                            0x08005b55   Thumb Code   156  dnaninf.o(x$fpl$dnaninf)
    __fpl_dretinf                            0x08005bf1   Thumb Code    12  dretinf.o(x$fpl$dretinf)
    __aeabi_cdrcmple                         0x08005bfd   Thumb Code     0  drleqf.o(x$fpl$drleqf)
    _drcmple                                 0x08005bfd   Thumb Code   108  drleqf.o(x$fpl$drleqf)
    __aeabi_drsub                            0x08005c69   Thumb Code     0  daddsub_clz.o(x$fpl$drsb)
    _drsb                                    0x08005c69   Thumb Code    22  daddsub_clz.o(x$fpl$drsb)
    _dsqrt                                   0x08005c81   Thumb Code   456  dsqrt_noumaal.o(x$fpl$dsqrt)
    __aeabi_dsub                             0x08005e4d   Thumb Code     0  daddsub_clz.o(x$fpl$dsub)
    _dsub                                    0x08005e4d   Thumb Code   464  daddsub_clz.o(x$fpl$dsub)
    __aeabi_f2d                              0x08006021   Thumb Code     0  f2d.o(x$fpl$f2d)
    _f2d                                     0x08006021   Thumb Code    86  f2d.o(x$fpl$f2d)
    __aeabi_fadd                             0x08006079   Thumb Code     0  faddsub_clz.o(x$fpl$fadd)
    _fadd                                    0x08006079   Thumb Code   196  faddsub_clz.o(x$fpl$fadd)
    __fpl_fcheck_NaN1                        0x0800613d   Thumb Code     6  fcheck1.o(x$fpl$fcheck1)
    __fpl_fcmp_Inf                           0x08006149   Thumb Code    24  fcmpi.o(x$fpl$fcmpinf)
    __aeabi_fdiv                             0x08006161   Thumb Code     0  fdiv.o(x$fpl$fdiv)
    _fdiv                                    0x08006161   Thumb Code   384  fdiv.o(x$fpl$fdiv)
    __aeabi_i2f                              0x080062e5   Thumb Code     0  fflt_clz.o(x$fpl$fflt)
    _fflt                                    0x080062e5   Thumb Code    48  fflt_clz.o(x$fpl$fflt)
    __aeabi_cfcmple                          0x08006315   Thumb Code     0  fleqf.o(x$fpl$fleqf)
    _fcmple                                  0x08006315   Thumb Code   104  fleqf.o(x$fpl$fleqf)
    __fpl_fcmple_InfNaN                      0x08006367   Thumb Code     0  fleqf.o(x$fpl$fleqf)
    __aeabi_fmul                             0x0800637d   Thumb Code     0  fmul.o(x$fpl$fmul)
    _fmul                                    0x0800637d   Thumb Code   258  fmul.o(x$fpl$fmul)
    __fpl_fnaninf                            0x0800647f   Thumb Code   140  fnaninf.o(x$fpl$fnaninf)
    __fpl_fretinf                            0x0800650b   Thumb Code    10  fretinf.o(x$fpl$fretinf)
    __aeabi_cfrcmple                         0x08006515   Thumb Code     0  frleqf.o(x$fpl$frleqf)
    _frcmple                                 0x08006515   Thumb Code    98  frleqf.o(x$fpl$frleqf)
    __aeabi_fsub                             0x08006579   Thumb Code     0  faddsub_clz.o(x$fpl$fsub)
    _fsub                                    0x08006579   Thumb Code   234  faddsub_clz.o(x$fpl$fsub)
    __fpl_return_NaN                         0x08006663   Thumb Code   100  retnan.o(x$fpl$retnan)
    __ARM_scalbn                             0x080066c7   Thumb Code    92  scalbn.o(x$fpl$scalbn)
    __ARM_scalbnf                            0x08006723   Thumb Code    76  scalbnf.o(x$fpl$scalbnf)
    __fpl_cmpreturn                          0x0800676f   Thumb Code    48  trapv.o(x$fpl$trapveneer)
    __I$use$fp                               0x0800679e   Number         0  usenofp.o(x$fpl$usenofp)
    AHBPrescTable                            0x08006822   Data          16  system_stm32f1xx.o(.constdata)
    APBPrescTable                            0x08006832   Data           8  system_stm32f1xx.o(.constdata)
    TX_ADDRESS                               0x0800683a   Data           5  nrf24l01.o(.constdata)
    RX_ADDRESS                               0x0800683f   Data           5  nrf24l01.o(.constdata)
    CRC8_table                               0x08006844   Data         256  crc8_crc16.o(.constdata)
    wCRC_table                               0x08006944   Data         512  crc8_crc16.o(.constdata)
    __mathlib_zero                           0x08006c98   Data           8  qnan.o(.constdata)
    Region$$Table$$Base                      0x08006dcc   Number         0  anon$$obj.o(Region$$Table)
    Region$$Table$$Limit                     0x08006dec   Number         0  anon$$obj.o(Region$$Table)
    joint_task_handle                        0x20000000   Data           4  freertos.o(.data)
    message_task_handle                      0x20000004   Data           4  freertos.o(.data)
    message_task_img_tran_handle             0x20000008   Data           4  freertos.o(.data)
    defaultTaskHandle                        0x2000000c   Data           4  freertos.o(.data)
    hcrc                                     0x20000010   Data           8  crc.o(.data)
    uwTickFreq                               0x20000018   Data           1  stm32f1xx_hal.o(.data)
    uwTickPrio                               0x2000001c   Data           4  stm32f1xx_hal.o(.data)
    uwTick                                   0x20000020   Data           4  stm32f1xx_hal.o(.data)
    SystemCoreClock                          0x20000024   Data           4  system_stm32f1xx.o(.data)
    pxCurrentTCB                             0x20000028   Data           4  tasks.o(.data)
    CRC16_INIT                               0x20000088   Data           2  crc8_crc16.o(.data)
    circle_flag_A                            0x200001c8   Data           2  joint_task.o(.data)
    circle_flag_B                            0x200001ca   Data           2  joint_task.o(.data)
    circle_flag_yaw                          0x200001cc   Data           2  joint_task.o(.data)
    circle_flag_pitch                        0x200001ce   Data           2  joint_task.o(.data)
    initial_angle_A                          0x200001e0   Data           2  joint_task.o(.data)
    initial_angle_B                          0x200001e2   Data           2  joint_task.o(.data)
    initial_angle_yaw                        0x200001e4   Data           2  joint_task.o(.data)
    initial_angle_pitch                      0x200001e6   Data           2  joint_task.o(.data)
    delta_A                                  0x200001e8   Data           4  joint_task.o(.data)
    delta_B                                  0x200001ec   Data           4  joint_task.o(.data)
    delta_yaw                                0x200001f0   Data           4  joint_task.o(.data)
    delta_pitch                              0x200001f4   Data           4  joint_task.o(.data)
    corexy_x                                 0x20000200   Data           4  joint_task.o(.data)
    corexy_y                                 0x20000204   Data           4  joint_task.o(.data)
    result_yaw                               0x20000208   Data           4  joint_task.o(.data)
    result_pitch                             0x2000020c   Data           4  joint_task.o(.data)
    derivative_angleA                        0x20000210   Data           4  joint_task.o(.data)
    derivative_angleB                        0x20000214   Data           4  joint_task.o(.data)
    last_delta_A                             0x20000218   Data           4  joint_task.o(.data)
    last_delta_B                             0x2000021c   Data           4  joint_task.o(.data)
    res_xy                                   0x20000220   Data           8  joint_task.o(.data)
    result_scara_angle                       0x20000228   Data           8  joint_task.o(.data)
    data_package                             0x20000230   Data          16  joint_task.o(.data)
    button1_flag                             0x20000240   Data           1  senddatatask.o(.data)
    button2_flag                             0x20000241   Data           1  senddatatask.o(.data)
    analog_data                              0x20000244   Data           4  senddatatask.o(.data)
    debug2                                   0x20000248   Data           4  senddatatask.o(.data)
    debug3                                   0x2000024c   Data           4  senddatatask.o(.data)
    hadc1                                    0x200004a4   Data          48  adc.o(.bss)
    hdma_adc1                                0x200004d4   Data          68  adc.o(.bss)
    hcan                                     0x20000518   Data          40  can.o(.bss)
    huart1                                   0x20000540   Data          72  usart.o(.bss)
    huart3                                   0x20000588   Data          72  usart.o(.bss)
    htim1                                    0x200005d0   Data          72  stm32f1xx_hal_timebase_tim.o(.bss)
    slightly_controll_data_1                 0x20001308   Data          24  joint_task.o(.bss)
    joint_motors                             0x20001320   Data          48  joint_task.o(.bss)
    TxData                                   0x20001350   Data          32  senddatatask.o(.bss)
    tx_data                                  0x20001370   Data          39  senddatatask.o(.bss)
    __libspace_start                         0x20001398   Data          96  libspace.o(.bss)
    __temporary_stack_top$libspace           0x200013f8   Data           0  libspace.o(.bss)



==============================================================================

Memory Map of the image

  Image Entry point : 0x080000ed

  Load Region LR_IROM1 (Base: 0x08000000, Size: 0x0000703c, Max: 0x00010000, ABSOLUTE, COMPRESSED[0x00006f4c])

    Execution Region ER_IROM1 (Exec base: 0x08000000, Load base: 0x08000000, Size: 0x00006dec, Max: 0x00010000, ABSOLUTE)

    Exec Addr    Load Addr    Size         Type   Attr      Idx    E Section Name        Object

    0x08000000   0x08000000   0x000000ec   Data   RO            3    RESET               startup_stm32f103xb.o
    0x080000ec   0x080000ec   0x00000008   Code   RO         5599  * !!!main             c_w.l(__main.o)
    0x080000f4   0x080000f4   0x00000034   Code   RO         5935    !!!scatter          c_w.l(__scatter.o)
    0x08000128   0x08000128   0x0000003a   Code   RO         5933    !!dczerorl          c_w.l(__dczerorl.o)
    0x08000162   0x08000162   0x00000002   PAD
    0x08000164   0x08000164   0x0000001c   Code   RO         5937    !!handler_zi        c_w.l(__scatter_zi.o)
    0x08000180   0x08000180   0x00000002   Code   RO         5802    .ARM.Collect$$libinit$$00000000  c_w.l(libinit.o)
    0x08000182   0x08000182   0x00000000   Code   RO         5808    .ARM.Collect$$libinit$$00000002  c_w.l(libinit2.o)
    0x08000182   0x08000182   0x00000000   Code   RO         5810    .ARM.Collect$$libinit$$00000004  c_w.l(libinit2.o)
    0x08000182   0x08000182   0x00000000   Code   RO         5813    .ARM.Collect$$libinit$$0000000A  c_w.l(libinit2.o)
    0x08000182   0x08000182   0x00000000   Code   RO         5815    .ARM.Collect$$libinit$$0000000C  c_w.l(libinit2.o)
    0x08000182   0x08000182   0x00000000   Code   RO         5817    .ARM.Collect$$libinit$$0000000E  c_w.l(libinit2.o)
    0x08000182   0x08000182   0x00000000   Code   RO         5820    .ARM.Collect$$libinit$$00000011  c_w.l(libinit2.o)
    0x08000182   0x08000182   0x00000000   Code   RO         5822    .ARM.Collect$$libinit$$00000013  c_w.l(libinit2.o)
    0x08000182   0x08000182   0x00000000   Code   RO         5824    .ARM.Collect$$libinit$$00000015  c_w.l(libinit2.o)
    0x08000182   0x08000182   0x00000000   Code   RO         5826    .ARM.Collect$$libinit$$00000017  c_w.l(libinit2.o)
    0x08000182   0x08000182   0x00000000   Code   RO         5828    .ARM.Collect$$libinit$$00000019  c_w.l(libinit2.o)
    0x08000182   0x08000182   0x00000000   Code   RO         5830    .ARM.Collect$$libinit$$0000001B  c_w.l(libinit2.o)
    0x08000182   0x08000182   0x00000000   Code   RO         5832    .ARM.Collect$$libinit$$0000001D  c_w.l(libinit2.o)
    0x08000182   0x08000182   0x00000000   Code   RO         5834    .ARM.Collect$$libinit$$0000001F  c_w.l(libinit2.o)
    0x08000182   0x08000182   0x00000000   Code   RO         5836    .ARM.Collect$$libinit$$00000021  c_w.l(libinit2.o)
    0x08000182   0x08000182   0x00000000   Code   RO         5838    .ARM.Collect$$libinit$$00000023  c_w.l(libinit2.o)
    0x08000182   0x08000182   0x00000000   Code   RO         5840    .ARM.Collect$$libinit$$00000025  c_w.l(libinit2.o)
    0x08000182   0x08000182   0x00000000   Code   RO         5844    .ARM.Collect$$libinit$$0000002C  c_w.l(libinit2.o)
    0x08000182   0x08000182   0x00000000   Code   RO         5846    .ARM.Collect$$libinit$$0000002E  c_w.l(libinit2.o)
    0x08000182   0x08000182   0x00000000   Code   RO         5848    .ARM.Collect$$libinit$$00000030  c_w.l(libinit2.o)
    0x08000182   0x08000182   0x00000000   Code   RO         5850    .ARM.Collect$$libinit$$00000032  c_w.l(libinit2.o)
    0x08000182   0x08000182   0x00000002   Code   RO         5851    .ARM.Collect$$libinit$$00000033  c_w.l(libinit2.o)
    0x08000184   0x08000184   0x00000002   Code   RO         5871    .ARM.Collect$$libshutdown$$00000000  c_w.l(libshutdown.o)
    0x08000186   0x08000186   0x00000000   Code   RO         5884    .ARM.Collect$$libshutdown$$00000002  c_w.l(libshutdown2.o)
    0x08000186   0x08000186   0x00000000   Code   RO         5886    .ARM.Collect$$libshutdown$$00000004  c_w.l(libshutdown2.o)
    0x08000186   0x08000186   0x00000000   Code   RO         5888    .ARM.Collect$$libshutdown$$00000006  c_w.l(libshutdown2.o)
    0x08000186   0x08000186   0x00000000   Code   RO         5891    .ARM.Collect$$libshutdown$$00000009  c_w.l(libshutdown2.o)
    0x08000186   0x08000186   0x00000000   Code   RO         5894    .ARM.Collect$$libshutdown$$0000000C  c_w.l(libshutdown2.o)
    0x08000186   0x08000186   0x00000000   Code   RO         5896    .ARM.Collect$$libshutdown$$0000000E  c_w.l(libshutdown2.o)
    0x08000186   0x08000186   0x00000000   Code   RO         5899    .ARM.Collect$$libshutdown$$00000011  c_w.l(libshutdown2.o)
    0x08000186   0x08000186   0x00000002   Code   RO         5900    .ARM.Collect$$libshutdown$$00000012  c_w.l(libshutdown2.o)
    0x08000188   0x08000188   0x00000000   Code   RO         5693    .ARM.Collect$$rtentry$$00000000  c_w.l(__rtentry.o)
    0x08000188   0x08000188   0x00000000   Code   RO         5763    .ARM.Collect$$rtentry$$00000002  c_w.l(__rtentry2.o)
    0x08000188   0x08000188   0x00000006   Code   RO         5775    .ARM.Collect$$rtentry$$00000004  c_w.l(__rtentry4.o)
    0x0800018e   0x0800018e   0x00000000   Code   RO         5765    .ARM.Collect$$rtentry$$00000009  c_w.l(__rtentry2.o)
    0x0800018e   0x0800018e   0x00000004   Code   RO         5766    .ARM.Collect$$rtentry$$0000000A  c_w.l(__rtentry2.o)
    0x08000192   0x08000192   0x00000000   Code   RO         5768    .ARM.Collect$$rtentry$$0000000C  c_w.l(__rtentry2.o)
    0x08000192   0x08000192   0x00000008   Code   RO         5769    .ARM.Collect$$rtentry$$0000000D  c_w.l(__rtentry2.o)
    0x0800019a   0x0800019a   0x00000002   Code   RO         5805    .ARM.Collect$$rtexit$$00000000  c_w.l(rtexit.o)
    0x0800019c   0x0800019c   0x00000000   Code   RO         5853    .ARM.Collect$$rtexit$$00000002  c_w.l(rtexit2.o)
    0x0800019c   0x0800019c   0x00000004   Code   RO         5854    .ARM.Collect$$rtexit$$00000003  c_w.l(rtexit2.o)
    0x080001a0   0x080001a0   0x00000006   Code   RO         5855    .ARM.Collect$$rtexit$$00000004  c_w.l(rtexit2.o)
    0x080001a6   0x080001a6   0x00000002   PAD
    0x080001a8   0x080001a8   0x00000096   Code   RO         4798    .emb_text           port.o
    0x0800023e   0x0800023e   0x00000002   PAD
    0x08000240   0x08000240   0x00000040   Code   RO            4    .text               startup_stm32f103xb.o
    0x08000280   0x08000280   0x0000008a   Code   RO         5589    .text               c_w.l(rt_memcpy_v6.o)
    0x0800030a   0x0800030a   0x00000064   Code   RO         5591    .text               c_w.l(rt_memcpy_w.o)
    0x0800036e   0x0800036e   0x0000004e   Code   RO         5595    .text               c_w.l(rt_memclr_w.o)
    0x080003bc   0x080003bc   0x00000006   Code   RO         5597    .text               c_w.l(heapauxi.o)
    0x080003c2   0x080003c2   0x00000016   Code   RO         5694    .text               c_w.l(_rserrno.o)
    0x080003d8   0x080003d8   0x00000008   Code   RO         5780    .text               c_w.l(rt_errno_addr_intlibspace.o)
    0x080003e0   0x080003e0   0x00000008   Code   RO         5790    .text               c_w.l(libspace.o)
    0x080003e8   0x080003e8   0x0000004a   Code   RO         5793    .text               c_w.l(sys_stackheap_outer.o)
    0x08000432   0x08000432   0x00000012   Code   RO         5795    .text               c_w.l(exit.o)
    0x08000444   0x08000444   0x0000000c   Code   RO         5863    .text               c_w.l(sys_exit.o)
    0x08000450   0x08000450   0x00000002   Code   RO         5874    .text               c_w.l(use_no_semi.o)
    0x08000452   0x08000452   0x00000000   Code   RO         5876    .text               c_w.l(indicate_semi.o)
    0x08000452   0x08000452   0x00000002   PAD
    0x08000454   0x08000454   0x00000056   Code   RO          690    i.ADC_ConversionStop_Disable  stm32f1xx_hal_adc.o
    0x080004aa   0x080004aa   0x0000004e   Code   RO          691    i.ADC_DMAConvCplt   stm32f1xx_hal_adc.o
    0x080004f8   0x080004f8   0x0000001a   Code   RO          692    i.ADC_DMAError      stm32f1xx_hal_adc.o
    0x08000512   0x08000512   0x0000000a   Code   RO          693    i.ADC_DMAHalfConvCplt  stm32f1xx_hal_adc.o
    0x0800051c   0x0800051c   0x0000007c   Code   RO          694    i.ADC_Enable        stm32f1xx_hal_adc.o
    0x08000598   0x08000598   0x00000002   Code   RO          491    i.BusFault_Handler  stm32f1xx_it.o
    0x0800059a   0x0800059a   0x00000002   PAD
    0x0800059c   0x0800059c   0x0000000c   Code   RO          492    i.CAN1_RX1_IRQHandler  stm32f1xx_it.o
    0x080005a8   0x080005a8   0x0000000c   Code   RO          493    i.CAN1_SCE_IRQHandler  stm32f1xx_it.o
    0x080005b4   0x080005b4   0x00000054   Code   RO         4878    i.CAN_Filter_Mask_Config  drv_can.o
    0x08000608   0x08000608   0x00000048   Code   RO         4879    i.CAN_Init          drv_can.o
    0x08000650   0x08000650   0x0000001c   Code   RO         4880    i.CAN_SEND_Data     drv_can.o
    0x0800066c   0x0800066c   0x0000000c   Code   RO          494    i.DMA1_Channel1_IRQHandler  stm32f1xx_it.o
    0x08000678   0x08000678   0x0000002a   Code   RO         1346    i.DMA_SetConfig     stm32f1xx_hal_dma.o
    0x080006a2   0x080006a2   0x00000002   Code   RO          495    i.DebugMon_Handler  stm32f1xx_it.o
    0x080006a4   0x080006a4   0x00000010   Code   RO         5007    i.Delay             nrf24l01.o
    0x080006b4   0x080006b4   0x00000004   Code   RO           13    i.Error_Handler     main.o
    0x080006b8   0x080006b8   0x000000fc   Code   RO          696    i.HAL_ADC_ConfigChannel  stm32f1xx_hal_adc.o
    0x080007b4   0x080007b4   0x00000002   Code   RO          697    i.HAL_ADC_ConvCpltCallback  stm32f1xx_hal_adc.o
    0x080007b6   0x080007b6   0x00000002   Code   RO          698    i.HAL_ADC_ConvHalfCpltCallback  stm32f1xx_hal_adc.o
    0x080007b8   0x080007b8   0x00000002   Code   RO          700    i.HAL_ADC_ErrorCallback  stm32f1xx_hal_adc.o
    0x080007ba   0x080007ba   0x00000002   PAD
    0x080007bc   0x080007bc   0x0000011c   Code   RO          705    i.HAL_ADC_Init      stm32f1xx_hal_adc.o
    0x080008d8   0x080008d8   0x0000008c   Code   RO          294    i.HAL_ADC_MspInit   adc.o
    0x08000964   0x08000964   0x0000010c   Code   RO          712    i.HAL_ADC_Start_DMA  stm32f1xx_hal_adc.o
    0x08000a70   0x08000a70   0x000000d0   Code   RO         1945    i.HAL_CAN_AddTxMessage  stm32f1xx_hal_can.o
    0x08000b40   0x08000b40   0x000000ee   Code   RO         1946    i.HAL_CAN_ConfigFilter  stm32f1xx_hal_can.o
    0x08000c2e   0x08000c2e   0x00000002   Code   RO         1949    i.HAL_CAN_ErrorCallback  stm32f1xx_hal_can.o
    0x08000c30   0x08000c30   0x000000f4   Code   RO         1952    i.HAL_CAN_GetRxMessage  stm32f1xx_hal_can.o
    0x08000d24   0x08000d24   0x000001fc   Code   RO         1956    i.HAL_CAN_IRQHandler  stm32f1xx_hal_can.o
    0x08000f20   0x08000f20   0x0000011a   Code   RO         1957    i.HAL_CAN_Init      stm32f1xx_hal_can.o
    0x0800103a   0x0800103a   0x00000002   PAD
    0x0800103c   0x0800103c   0x000000ac   Code   RO          336    i.HAL_CAN_MspInit   can.o
    0x080010e8   0x080010e8   0x00000002   Code   RO         1964    i.HAL_CAN_RxFifo0FullCallback  stm32f1xx_hal_can.o
    0x080010ea   0x080010ea   0x00000002   PAD
    0x080010ec   0x080010ec   0x00000034   Code   RO         5382    i.HAL_CAN_RxFifo0MsgPendingCallback  joint_task.o
    0x08001120   0x08001120   0x00000002   Code   RO         1966    i.HAL_CAN_RxFifo1FullCallback  stm32f1xx_hal_can.o
    0x08001122   0x08001122   0x00000002   PAD
    0x08001124   0x08001124   0x00000034   Code   RO         5383    i.HAL_CAN_RxFifo1MsgPendingCallback  joint_task.o
    0x08001158   0x08001158   0x00000002   Code   RO         1968    i.HAL_CAN_SleepCallback  stm32f1xx_hal_can.o
    0x0800115a   0x0800115a   0x00000002   PAD
    0x0800115c   0x0800115c   0x00000058   Code   RO         1969    i.HAL_CAN_Start     stm32f1xx_hal_can.o
    0x080011b4   0x080011b4   0x00000002   Code   RO         1971    i.HAL_CAN_TxMailbox0AbortCallback  stm32f1xx_hal_can.o
    0x080011b6   0x080011b6   0x00000002   Code   RO         1972    i.HAL_CAN_TxMailbox0CompleteCallback  stm32f1xx_hal_can.o
    0x080011b8   0x080011b8   0x00000002   Code   RO         1973    i.HAL_CAN_TxMailbox1AbortCallback  stm32f1xx_hal_can.o
    0x080011ba   0x080011ba   0x00000002   Code   RO         1974    i.HAL_CAN_TxMailbox1CompleteCallback  stm32f1xx_hal_can.o
    0x080011bc   0x080011bc   0x00000002   Code   RO         1975    i.HAL_CAN_TxMailbox2AbortCallback  stm32f1xx_hal_can.o
    0x080011be   0x080011be   0x00000002   Code   RO         1976    i.HAL_CAN_TxMailbox2CompleteCallback  stm32f1xx_hal_can.o
    0x080011c0   0x080011c0   0x00000002   Code   RO         1978    i.HAL_CAN_WakeUpFromRxMsgCallback  stm32f1xx_hal_can.o
    0x080011c2   0x080011c2   0x00000022   Code   RO         2181    i.HAL_CRC_Init      stm32f1xx_hal_crc.o
    0x080011e4   0x080011e4   0x00000028   Code   RO          378    i.HAL_CRC_MspInit   crc.o
    0x0800120c   0x0800120c   0x00000154   Code   RO         1352    i.HAL_DMA_IRQHandler  stm32f1xx_hal_dma.o
    0x08001360   0x08001360   0x0000005c   Code   RO         1353    i.HAL_DMA_Init      stm32f1xx_hal_dma.o
    0x080013bc   0x080013bc   0x00000070   Code   RO         1357    i.HAL_DMA_Start_IT  stm32f1xx_hal_dma.o
    0x0800142c   0x0800142c   0x000001e0   Code   RO         1283    i.HAL_GPIO_Init     stm32f1xx_hal_gpio.o
    0x0800160c   0x0800160c   0x0000000a   Code   RO         1285    i.HAL_GPIO_ReadPin  stm32f1xx_hal_gpio.o
    0x08001616   0x08001616   0x0000000a   Code   RO         1287    i.HAL_GPIO_WritePin  stm32f1xx_hal_gpio.o
    0x08001620   0x08001620   0x0000000c   Code   RO          977    i.HAL_GetTick       stm32f1xx_hal.o
    0x0800162c   0x0800162c   0x00000010   Code   RO          983    i.HAL_IncTick       stm32f1xx_hal.o
    0x0800163c   0x0800163c   0x00000024   Code   RO          984    i.HAL_Init          stm32f1xx_hal.o
    0x08001660   0x08001660   0x0000008c   Code   RO          615    i.HAL_InitTick      stm32f1xx_hal_timebase_tim.o
    0x080016ec   0x080016ec   0x00000048   Code   RO          591    i.HAL_MspInit       stm32f1xx_hal_msp.o
    0x08001734   0x08001734   0x0000001a   Code   RO         1443    i.HAL_NVIC_EnableIRQ  stm32f1xx_hal_cortex.o
    0x0800174e   0x0800174e   0x00000002   PAD
    0x08001750   0x08001750   0x00000040   Code   RO         1449    i.HAL_NVIC_SetPriority  stm32f1xx_hal_cortex.o
    0x08001790   0x08001790   0x00000024   Code   RO         1450    i.HAL_NVIC_SetPriorityGrouping  stm32f1xx_hal_cortex.o
    0x080017b4   0x080017b4   0x000000ec   Code   RO         1245    i.HAL_RCCEx_PeriphCLKConfig  stm32f1xx_hal_rcc_ex.o
    0x080018a0   0x080018a0   0x0000012c   Code   RO         1141    i.HAL_RCC_ClockConfig  stm32f1xx_hal_rcc.o
    0x080019cc   0x080019cc   0x00000040   Code   RO         1145    i.HAL_RCC_GetClockConfig  stm32f1xx_hal_rcc.o
    0x08001a0c   0x08001a0c   0x00000020   Code   RO         1148    i.HAL_RCC_GetPCLK1Freq  stm32f1xx_hal_rcc.o
    0x08001a2c   0x08001a2c   0x00000020   Code   RO         1149    i.HAL_RCC_GetPCLK2Freq  stm32f1xx_hal_rcc.o
    0x08001a4c   0x08001a4c   0x0000004c   Code   RO         1150    i.HAL_RCC_GetSysClockFreq  stm32f1xx_hal_rcc.o
    0x08001a98   0x08001a98   0x00000320   Code   RO         1153    i.HAL_RCC_OscConfig  stm32f1xx_hal_rcc.o
    0x08001db8   0x08001db8   0x00000002   Code   RO         2943    i.HAL_TIMEx_BreakCallback  stm32f1xx_hal_tim_ex.o
    0x08001dba   0x08001dba   0x00000002   Code   RO         2944    i.HAL_TIMEx_CommutCallback  stm32f1xx_hal_tim_ex.o
    0x08001dbc   0x08001dbc   0x0000005a   Code   RO         2239    i.HAL_TIM_Base_Init  stm32f1xx_hal_tim.o
    0x08001e16   0x08001e16   0x00000002   Code   RO         2241    i.HAL_TIM_Base_MspInit  stm32f1xx_hal_tim.o
    0x08001e18   0x08001e18   0x00000058   Code   RO         2244    i.HAL_TIM_Base_Start_IT  stm32f1xx_hal_tim.o
    0x08001e70   0x08001e70   0x00000002   Code   RO         2273    i.HAL_TIM_IC_CaptureCallback  stm32f1xx_hal_tim.o
    0x08001e72   0x08001e72   0x00000166   Code   RO         2287    i.HAL_TIM_IRQHandler  stm32f1xx_hal_tim.o
    0x08001fd8   0x08001fd8   0x00000002   Code   RO         2290    i.HAL_TIM_OC_DelayElapsedCallback  stm32f1xx_hal_tim.o
    0x08001fda   0x08001fda   0x00000002   Code   RO         2317    i.HAL_TIM_PWM_PulseFinishedCallback  stm32f1xx_hal_tim.o
    0x08001fdc   0x08001fdc   0x00000014   Code   RO           14    i.HAL_TIM_PeriodElapsedCallback  main.o
    0x08001ff0   0x08001ff0   0x00000002   Code   RO         2330    i.HAL_TIM_TriggerCallback  stm32f1xx_hal_tim.o
    0x08001ff2   0x08001ff2   0x00000064   Code   RO         3240    i.HAL_UART_Init     stm32f1xx_hal_uart.o
    0x08002056   0x08002056   0x00000002   PAD
    0x08002058   0x08002058   0x000000bc   Code   RO          444    i.HAL_UART_MspInit  usart.o
    0x08002114   0x08002114   0x0000009a   Code   RO         3248    i.HAL_UART_Transmit  stm32f1xx_hal_uart.o
    0x080021ae   0x080021ae   0x00000002   Code   RO          496    i.HardFault_Handler  stm32f1xx_it.o
    0x080021b0   0x080021b0   0x0000007c   Code   RO         5008    i.Init_NRF24L01     nrf24l01.o
    0x0800222c   0x0800222c   0x00000050   Code   RO          295    i.MX_ADC1_Init      adc.o
    0x0800227c   0x0800227c   0x00000044   Code   RO          337    i.MX_CAN_Init       can.o
    0x080022c0   0x080022c0   0x00000024   Code   RO          379    i.MX_CRC_Init       crc.o
    0x080022e4   0x080022e4   0x0000002c   Code   RO          419    i.MX_DMA_Init       dma.o
    0x08002310   0x08002310   0x00000068   Code   RO          243    i.MX_FREERTOS_Init  freertos.o
    0x08002378   0x08002378   0x000000cc   Code   RO          219    i.MX_GPIO_Init      gpio.o
    0x08002444   0x08002444   0x00000038   Code   RO          445    i.MX_USART1_UART_Init  usart.o
    0x0800247c   0x0800247c   0x00000038   Code   RO          446    i.MX_USART3_UART_Init  usart.o
    0x080024b4   0x080024b4   0x00000002   Code   RO          497    i.MemManage_Handler  stm32f1xx_it.o
    0x080024b6   0x080024b6   0x00000002   Code   RO          498    i.NMI_Handler       stm32f1xx_it.o
    0x080024b8   0x080024b8   0x00000048   Code   RO         5009    i.NRF24L01_Check    nrf24l01.o
    0x08002500   0x08002500   0x00000048   Code   RO         5010    i.NRF24L01_Read_Buf  nrf24l01.o
    0x08002548   0x08002548   0x00000030   Code   RO         5011    i.NRF24L01_Read_Reg  nrf24l01.o
    0x08002578   0x08002578   0x00000054   Code   RO         5013    i.NRF24L01_TxPacket  nrf24l01.o
    0x080025cc   0x080025cc   0x00000048   Code   RO         5014    i.NRF24L01_Write_Buf  nrf24l01.o
    0x08002614   0x08002614   0x00000034   Code   RO         5015    i.NRF24L01_Write_Reg  nrf24l01.o
    0x08002648   0x08002648   0x00000010   Code   RO         4963    i.RMmotor_init      rmmotor.o
    0x08002658   0x08002658   0x0000005c   Code   RO         5017    i.SPI_ReadWriteByte  nrf24l01.o
    0x080026b4   0x080026b4   0x0000000c   Code   RO          244    i.StartDefaultTask  freertos.o
    0x080026c0   0x080026c0   0x000001ac   Code   RO         5545    i.StartSendDataTask  senddatatask.o
    0x0800286c   0x0800286c   0x0000002c   Code   RO         4799    i.SysTick_Handler   port.o
    0x08002898   0x08002898   0x00000078   Code   RO           15    i.SystemClock_Config  main.o
    0x08002910   0x08002910   0x00000002   Code   RO         3574    i.SystemInit        system_stm32f1xx.o
    0x08002912   0x08002912   0x00000002   PAD
    0x08002914   0x08002914   0x0000000c   Code   RO          499    i.TIM1_UP_IRQHandler  stm32f1xx_it.o
    0x08002920   0x08002920   0x0000006c   Code   RO         2332    i.TIM_Base_SetConfig  stm32f1xx_hal_tim.o
    0x0800298c   0x0800298c   0x0000006c   Code   RO         5018    i.TX_Mode           nrf24l01.o
    0x080029f8   0x080029f8   0x000000b8   Code   RO         3266    i.UART_SetConfig    stm32f1xx_hal_uart.o
    0x08002ab0   0x08002ab0   0x00000078   Code   RO         3269    i.UART_WaitOnFlagUntilTimeout  stm32f1xx_hal_uart.o
    0x08002b28   0x08002b28   0x0000000c   Code   RO          500    i.USB_HP_CAN1_TX_IRQHandler  stm32f1xx_it.o
    0x08002b34   0x08002b34   0x0000000c   Code   RO          501    i.USB_LP_CAN1_RX0_IRQHandler  stm32f1xx_it.o
    0x08002b40   0x08002b40   0x00000002   Code   RO          502    i.UsageFault_Handler  stm32f1xx_it.o
    0x08002b42   0x08002b42   0x00000028   Code   RO         5746    i.__ARM_fpclassify  m_ws.l(fpclassify.o)
    0x08002b6a   0x08002b6a   0x00000020   Code   RO         1456    i.__NVIC_SetPriority  stm32f1xx_hal_cortex.o
    0x08002b8a   0x08002b8a   0x00000002   PAD
    0x08002b8c   0x08002b8c   0x00000388   Code   RO         5751    i.__ieee754_rem_pio2  m_ws.l(rred.o)
    0x08002f14   0x08002f14   0x000000fc   Code   RO         5729    i.__kernel_cos      m_ws.l(cos_i.o)
    0x08003010   0x08003010   0x000000aa   Code   RO         5748    i.__kernel_poly     m_ws.l(poly.o)
    0x080030ba   0x080030ba   0x00000002   PAD
    0x080030bc   0x080030bc   0x000000ec   Code   RO         5756    i.__kernel_sin      m_ws.l(sin_i.o)
    0x080031a8   0x080031a8   0x00000010   Code   RO         5732    i.__mathlib_dbl_divzero  m_ws.l(dunder.o)
    0x080031b8   0x080031b8   0x00000006   Code   RO         5733    i.__mathlib_dbl_infnan  m_ws.l(dunder.o)
    0x080031be   0x080031be   0x00000004   Code   RO         5734    i.__mathlib_dbl_infnan2  m_ws.l(dunder.o)
    0x080031c2   0x080031c2   0x0000000c   Code   RO         5735    i.__mathlib_dbl_invalid  m_ws.l(dunder.o)
    0x080031ce   0x080031ce   0x0000000e   Code   RO         5736    i.__mathlib_dbl_overflow  m_ws.l(dunder.o)
    0x080031dc   0x080031dc   0x00000010   Code   RO         5738    i.__mathlib_dbl_underflow  m_ws.l(dunder.o)
    0x080031ec   0x080031ec   0x00000028   Code   RO         5197    i.append_CRC16_check_sum  crc8_crc16.o
    0x08003214   0x08003214   0x0000001c   Code   RO         5198    i.append_CRC8_check_sum  crc8_crc16.o
    0x08003230   0x08003230   0x00000220   Code   RO         5720    i.atan              m_ws.l(atan.o)
    0x08003450   0x08003450   0x0000019c   Code   RO         5652    i.atan2             m_ws.l(atan2.o)
    0x080035ec   0x080035ec   0x00000138   Code   RO         5320    i.check_boundary_scara  scara_kinematics.o
    0x08003724   0x08003724   0x0000009c   Code   RO         5660    i.cos               m_ws.l(cos.o)
    0x080037c0   0x080037c0   0x0000002c   Code   RO         5199    i.get_CRC16_check_sum  crc8_crc16.o
    0x080037ec   0x080037ec   0x0000001c   Code   RO         5200    i.get_CRC8_check_sum  crc8_crc16.o
    0x08003808   0x08003808   0x00000034   Code   RO         5502    i.gpio_init_for_this  message_task.o
    0x0800383c   0x0800383c   0x00000374   Code   RO         5384    i.joint_task        joint_task.o
    0x08003bb0   0x08003bb0   0x0000002e   Code   RO           16    i.main              main.o
    0x08003bde   0x08003bde   0x0000000c   Code   RO         4370    i.makeFreeRtosPriority  cmsis_os.o
    0x08003bea   0x08003bea   0x00000008   Code   RO         5503    i.message_task      message_task.o
    0x08003bf2   0x08003bf2   0x0000000e   Code   RO         4372    i.osDelay           cmsis_os.o
    0x08003c00   0x08003c00   0x0000000a   Code   RO         4375    i.osKernelStart     cmsis_os.o
    0x08003c0a   0x08003c0a   0x00000054   Code   RO         4409    i.osThreadCreate    cmsis_os.o
    0x08003c5e   0x08003c5e   0x0000004e   Code   RO         5321    i.polyval_calc      scara_kinematics.o
    0x08003cac   0x08003cac   0x000009d8   Code   RO         5668    i.pow               m_ws.l(pow.o)
    0x08004684   0x08004684   0x00000070   Code   RO         4067    i.prvAddCurrentTaskToDelayedList  tasks.o
    0x080046f4   0x080046f4   0x000000d0   Code   RO         4068    i.prvAddNewTaskToReadyList  tasks.o
    0x080047c4   0x080047c4   0x00000034   Code   RO         4069    i.prvDeleteTCB      tasks.o
    0x080047f8   0x080047f8   0x0000004c   Code   RO         4737    i.prvHeapInit       heap_4.o
    0x08004844   0x08004844   0x00000060   Code   RO         4070    i.prvIdleTask       tasks.o
    0x080048a4   0x080048a4   0x0000008e   Code   RO         4071    i.prvInitialiseNewTask  tasks.o
    0x08004932   0x08004932   0x00000002   PAD
    0x08004934   0x08004934   0x0000004c   Code   RO         4738    i.prvInsertBlockIntoFreeList  heap_4.o
    0x08004980   0x08004980   0x00000020   Code   RO         4072    i.prvResetNextTaskUnblockTime  tasks.o
    0x080049a0   0x080049a0   0x00000028   Code   RO         4800    i.prvTaskExitError  port.o
    0x080049c8   0x080049c8   0x000000d8   Code   RO         4739    i.pvPortMalloc      heap_4.o
    0x08004aa0   0x08004aa0   0x00000024   Code   RO         4801    i.pxPortInitialiseStack  port.o
    0x08004ac4   0x08004ac4   0x0000002a   Code   RO         4964    i.receive_data      rmmotor.o
    0x08004aee   0x08004aee   0x00000002   PAD
    0x08004af0   0x08004af0   0x0000021c   Code   RO         5323    i.scara_inverse_kinematics  scara_kinematics.o
    0x08004d0c   0x08004d0c   0x0000003c   Code   RO         4965    i.send_to_motors    rmmotor.o
    0x08004d48   0x08004d48   0x000000a0   Code   RO         5678    i.sin               m_ws.l(sin.o)
    0x08004de8   0x08004de8   0x0000004c   Code   RO         5686    i.sqrt              m_ws.l(sqrt.o)
    0x08004e34   0x08004e34   0x00000026   Code   RO         3712    i.uxListRemove      list.o
    0x08004e5a   0x08004e5a   0x00000002   PAD
    0x08004e5c   0x08004e5c   0x00000014   Code   RO          245    i.vApplicationGetIdleTaskMemory  freertos.o
    0x08004e70   0x08004e70   0x00000016   Code   RO         3713    i.vListInitialise   list.o
    0x08004e86   0x08004e86   0x00000006   Code   RO         3714    i.vListInitialiseItem  list.o
    0x08004e8c   0x08004e8c   0x00000030   Code   RO         3715    i.vListInsert       list.o
    0x08004ebc   0x08004ebc   0x00000018   Code   RO         3716    i.vListInsertEnd    list.o
    0x08004ed4   0x08004ed4   0x00000040   Code   RO         4803    i.vPortEnterCritical  port.o
    0x08004f14   0x08004f14   0x00000028   Code   RO         4804    i.vPortExitCritical  port.o
    0x08004f3c   0x08004f3c   0x0000005c   Code   RO         4740    i.vPortFree         heap_4.o
    0x08004f98   0x08004f98   0x00000024   Code   RO         4805    i.vPortSetupTimerInterrupt  port.o
    0x08004fbc   0x08004fbc   0x0000004c   Code   RO         4080    i.vTaskDelay        tasks.o
    0x08005008   0x08005008   0x0000006c   Code   RO         4093    i.vTaskStartScheduler  tasks.o
    0x08005074   0x08005074   0x00000010   Code   RO         4095    i.vTaskSuspendAll   tasks.o
    0x08005084   0x08005084   0x0000005c   Code   RO         4096    i.vTaskSwitchContext  tasks.o
    0x080050e0   0x080050e0   0x000000a8   Code   RO         4807    i.xPortStartScheduler  port.o
    0x08005188   0x08005188   0x0000005a   Code   RO         4098    i.xTaskCreate       tasks.o
    0x080051e2   0x080051e2   0x00000056   Code   RO         4099    i.xTaskCreateStatic  tasks.o
    0x08005238   0x08005238   0x0000000c   Code   RO         4104    i.xTaskGetTickCount  tasks.o
    0x08005244   0x08005244   0x000000c8   Code   RO         4106    i.xTaskIncrementTick  tasks.o
    0x0800530c   0x0800530c   0x000000c4   Code   RO         4112    i.xTaskResumeAll    tasks.o
    0x080053d0   0x080053d0   0x00000062   Code   RO         5601    x$fpl$d2f           fz_ws.l(d2f.o)
    0x08005432   0x08005432   0x00000002   PAD
    0x08005434   0x08005434   0x00000150   Code   RO         5603    x$fpl$dadd          fz_ws.l(daddsub_clz.o)
    0x08005584   0x08005584   0x00000010   Code   RO         5782    x$fpl$dcheck1       fz_ws.l(dcheck1.o)
    0x08005594   0x08005594   0x00000018   Code   RO         5698    x$fpl$dcmpinf       fz_ws.l(dcmpi.o)
    0x080055ac   0x080055ac   0x000002b0   Code   RO         5610    x$fpl$ddiv          fz_ws.l(ddiv.o)
    0x0800585c   0x0800585c   0x00000078   Code   RO         5700    x$fpl$deqf          fz_ws.l(deqf.o)
    0x080058d4   0x080058d4   0x0000005e   Code   RO         5784    x$fpl$dfix          fz_ws.l(dfix.o)
    0x08005932   0x08005932   0x0000002e   Code   RO         5614    x$fpl$dflt          fz_ws.l(dflt_clz.o)
    0x08005960   0x08005960   0x00000026   Code   RO         5613    x$fpl$dfltu         fz_ws.l(dflt_clz.o)
    0x08005986   0x08005986   0x00000002   PAD
    0x08005988   0x08005988   0x00000078   Code   RO         5619    x$fpl$dleqf         fz_ws.l(dleqf.o)
    0x08005a00   0x08005a00   0x00000154   Code   RO         5621    x$fpl$dmul          fz_ws.l(dmul.o)
    0x08005b54   0x08005b54   0x0000009c   Code   RO         5702    x$fpl$dnaninf       fz_ws.l(dnaninf.o)
    0x08005bf0   0x08005bf0   0x0000000c   Code   RO         5704    x$fpl$dretinf       fz_ws.l(dretinf.o)
    0x08005bfc   0x08005bfc   0x0000006c   Code   RO         5623    x$fpl$drleqf        fz_ws.l(drleqf.o)
    0x08005c68   0x08005c68   0x00000016   Code   RO         5604    x$fpl$drsb          fz_ws.l(daddsub_clz.o)
    0x08005c7e   0x08005c7e   0x00000002   PAD
    0x08005c80   0x08005c80   0x000001cc   Code   RO         5706    x$fpl$dsqrt         fz_ws.l(dsqrt_noumaal.o)
    0x08005e4c   0x08005e4c   0x000001d4   Code   RO         5605    x$fpl$dsub          fz_ws.l(daddsub_clz.o)
    0x08006020   0x08006020   0x00000056   Code   RO         5625    x$fpl$f2d           fz_ws.l(f2d.o)
    0x08006076   0x08006076   0x00000002   PAD
    0x08006078   0x08006078   0x000000c4   Code   RO         5627    x$fpl$fadd          fz_ws.l(faddsub_clz.o)
    0x0800613c   0x0800613c   0x0000000c   Code   RO         5708    x$fpl$fcheck1       fz_ws.l(fcheck1.o)
    0x08006148   0x08006148   0x00000018   Code   RO         5710    x$fpl$fcmpinf       fz_ws.l(fcmpi.o)
    0x08006160   0x08006160   0x00000184   Code   RO         5634    x$fpl$fdiv          fz_ws.l(fdiv.o)
    0x080062e4   0x080062e4   0x00000030   Code   RO         5638    x$fpl$fflt          fz_ws.l(fflt_clz.o)
    0x08006314   0x08006314   0x00000068   Code   RO         5643    x$fpl$fleqf         fz_ws.l(fleqf.o)
    0x0800637c   0x0800637c   0x00000102   Code   RO         5645    x$fpl$fmul          fz_ws.l(fmul.o)
    0x0800647e   0x0800647e   0x0000008c   Code   RO         5712    x$fpl$fnaninf       fz_ws.l(fnaninf.o)
    0x0800650a   0x0800650a   0x0000000a   Code   RO         5714    x$fpl$fretinf       fz_ws.l(fretinf.o)
    0x08006514   0x08006514   0x00000062   Code   RO         5647    x$fpl$frleqf        fz_ws.l(frleqf.o)
    0x08006576   0x08006576   0x00000002   PAD
    0x08006578   0x08006578   0x000000ea   Code   RO         5629    x$fpl$fsub          fz_ws.l(faddsub_clz.o)
    0x08006662   0x08006662   0x00000064   Code   RO         5788    x$fpl$retnan        fz_ws.l(retnan.o)
    0x080066c6   0x080066c6   0x0000005c   Code   RO         5716    x$fpl$scalbn        fz_ws.l(scalbn.o)
    0x08006722   0x08006722   0x0000004c   Code   RO         5649    x$fpl$scalbnf       fz_ws.l(scalbnf.o)
    0x0800676e   0x0800676e   0x00000030   Code   RO         5803    x$fpl$trapveneer    fz_ws.l(trapv.o)
    0x0800679e   0x0800679e   0x00000000   Code   RO         5718    x$fpl$usenofp       fz_ws.l(usenofp.o)
    0x0800679e   0x0800679e   0x00000002   PAD
    0x080067a0   0x080067a0   0x00000070   Data   RO          247    .constdata          freertos.o
    0x08006810   0x08006810   0x00000012   Data   RO         1154    .constdata          stm32f1xx_hal_rcc.o
    0x08006822   0x08006822   0x00000010   Data   RO         3575    .constdata          system_stm32f1xx.o
    0x08006832   0x08006832   0x00000008   Data   RO         3576    .constdata          system_stm32f1xx.o
    0x0800683a   0x0800683a   0x0000000a   Data   RO         5019    .constdata          nrf24l01.o
    0x08006844   0x08006844   0x00000300   Data   RO         5204    .constdata          crc8_crc16.o
    0x08006b44   0x08006b44   0x00000004   Data   RO         5547    .constdata          senddatatask.o
    0x08006b48   0x08006b48   0x00000088   Data   RO         5669    .constdata          m_ws.l(pow.o)
    0x08006bd0   0x08006bd0   0x00000098   Data   RO         5721    .constdata          m_ws.l(atan.o)
    0x08006c68   0x08006c68   0x00000030   Data   RO         5730    .constdata          m_ws.l(cos_i.o)
    0x08006c98   0x08006c98   0x00000008   Data   RO         5750    .constdata          m_ws.l(qnan.o)
    0x08006ca0   0x08006ca0   0x000000c8   Data   RO         5753    .constdata          m_ws.l(rred.o)
    0x08006d68   0x08006d68   0x00000028   Data   RO         5757    .constdata          m_ws.l(sin_i.o)
    0x08006d90   0x08006d90   0x00000039   Data   RO          248    .conststring        freertos.o
    0x08006dc9   0x08006dc9   0x00000003   PAD
    0x08006dcc   0x08006dcc   0x00000020   Data   RO         5931    Region$$Table       anon$$obj.o


    Execution Region RW_IRAM1 (Exec base: 0x20000000, Load base: 0x08006dec, Size: 0x000019f8, Max: 0x00005000, ABSOLUTE, COMPRESSED[0x00000160])

    Exec Addr    Load Addr    Size         Type   Attr      Idx    E Section Name        Object

    0x20000000   COMPRESSED   0x00000010   Data   RW          249    .data               freertos.o
    0x20000010   COMPRESSED   0x00000008   Data   RW          380    .data               crc.o
    0x20000018   COMPRESSED   0x0000000c   Data   RW          991    .data               stm32f1xx_hal.o
    0x20000024   COMPRESSED   0x00000004   Data   RW         3577    .data               system_stm32f1xx.o
    0x20000028   COMPRESSED   0x0000003c   Data   RW         4115    .data               tasks.o
    0x20000064   COMPRESSED   0x00000018   Data   RW         4745    .data               heap_4.o
    0x2000007c   COMPRESSED   0x0000000c   Data   RW         4808    .data               port.o
    0x20000088   COMPRESSED   0x00000002   Data   RW         5205    .data               crc8_crc16.o
    0x2000008a   COMPRESSED   0x00000006   PAD
    0x20000090   COMPRESSED   0x00000138   Data   RW         5325    .data               scara_kinematics.o
    0x200001c8   COMPRESSED   0x00000078   Data   RW         5388    .data               joint_task.o
    0x20000240   COMPRESSED   0x00000010   Data   RW         5548    .data               senddatatask.o
    0x20000250        -       0x00000254   Zero   RW          246    .bss                freertos.o
    0x200004a4        -       0x00000074   Zero   RW          296    .bss                adc.o
    0x20000518        -       0x00000028   Zero   RW          338    .bss                can.o
    0x20000540        -       0x00000090   Zero   RW          447    .bss                usart.o
    0x200005d0        -       0x00000048   Zero   RW          618    .bss                stm32f1xx_hal_timebase_tim.o
    0x20000618        -       0x000000f0   Zero   RW         4114    .bss                tasks.o
    0x20000708        -       0x00000c00   Zero   RW         4744    .bss                heap_4.o
    0x20001308        -       0x00000048   Zero   RW         5385    .bss                joint_task.o
    0x20001350        -       0x00000047   Zero   RW         5546    .bss                senddatatask.o
    0x20001397   COMPRESSED   0x00000001   PAD
    0x20001398        -       0x00000060   Zero   RW         5791    .bss                c_w.l(libspace.o)
    0x200013f8        -       0x00000200   Zero   RW            2    HEAP                startup_stm32f103xb.o
    0x200015f8        -       0x00000400   Zero   RW            1    STACK               startup_stm32f103xb.o


==============================================================================

Image component sizes


      Code (inc. data)   RO Data    RW Data    ZI Data      Debug   Object Name

       220         30          0          0        116       1771   adc.o
       240         22          0          0         40       1703   can.o
       120          0          0          0          0      22425   cmsis_os.o
        76         18          0          8          0       1515   crc.o
       140         14        768          2          0       3335   crc8_crc16.o
        44          4          0          0          0        770   dma.o
       184          6          0          0          0       2244   drv_can.o
         0          0          0          0          0      18216   event_groups.o
       136         12        169         16        596       2753   freertos.o
       204         16          0          0          0        995   gpio.o
       460         24          0         24       3072       7279   heap_4.o
       988         62          0        120         72      11286   joint_task.o
       138          0          0          0          0       3434   list.o
       190          6          0          0          0     486040   main.o
        60         10          0          0          0       1024   message_task.o
       740         58         10          0          0     361489   nrf24l01.o
       578         60          0         12          0      10412   port.o
       118          0          0          0          0       2531   rmmotor.o
       930         26          0        312          0       4181   scara_kinematics.o
       428         68          4         16         71       2921   senddatatask.o
        64         26        236          0       1536        816   startup_stm32f103xb.o
        64         14          0         12          0       4678   stm32f1xx_hal.o
      1134         56          0          0          0       8610   stm32f1xx_hal_adc.o
      1590          0          0          0          0      12508   stm32f1xx_hal_can.o
       158         14          0          0          0      28218   stm32f1xx_hal_cortex.o
        34          0          0          0          0       1051   stm32f1xx_hal_crc.o
       586         32          0          0          0       3627   stm32f1xx_hal_dma.o
       500         34          0          0          0       3543   stm32f1xx_hal_gpio.o
        72         10          0          0          0        882   stm32f1xx_hal_msp.o
      1304         94         18          0          0       5793   stm32f1xx_hal_rcc.o
       236         12          0          0          0       1396   stm32f1xx_hal_rcc_ex.o
       654         26          0          0          0       7140   stm32f1xx_hal_tim.o
         4          0          0          0          0       1605   stm32f1xx_hal_tim_ex.o
       140         22          0          0         72       1447   stm32f1xx_hal_timebase_tim.o
       558          6          0          0          0       4012   stm32f1xx_hal_uart.o
        84         36          0          0          0       5342   stm32f1xx_it.o
         0          0          0          0          0        384   stream_buffer.o
         2          0         24          4          0       1139   system_stm32f1xx.o
      1518        116          0         60        240      16746   tasks.o
       300         38          0          0        144       2383   usart.o

    ----------------------------------------------------------------------
     15024        972       1264        592       5960    1057644   Object Totals
         0          0         32          0          0          0   (incl. Generated)
        28          0          3          6          1          0   (incl. Padding)

    ----------------------------------------------------------------------

      Code (inc. data)   RO Data    RW Data    ZI Data      Debug   Library Member Name

        58          0          0          0          0          0   __dczerorl.o
         8          0          0          0          0         68   __main.o
         0          0          0          0          0          0   __rtentry.o
        12          0          0          0          0          0   __rtentry2.o
         6          0          0          0          0          0   __rtentry4.o
        52          8          0          0          0          0   __scatter.o
        28          0          0          0          0          0   __scatter_zi.o
        22          0          0          0          0        100   _rserrno.o
        18          0          0          0          0         80   exit.o
         6          0          0          0          0        152   heapauxi.o
         0          0          0          0          0          0   indicate_semi.o
         2          0          0          0          0          0   libinit.o
         2          0          0          0          0          0   libinit2.o
         2          0          0          0          0          0   libshutdown.o
         2          0          0          0          0          0   libshutdown2.o
         8          4          0          0         96         68   libspace.o
         8          4          0          0          0         68   rt_errno_addr_intlibspace.o
        78          0          0          0          0         80   rt_memclr_w.o
       138          0          0          0          0         68   rt_memcpy_v6.o
       100          0          0          0          0         80   rt_memcpy_w.o
         2          0          0          0          0          0   rtexit.o
        10          0          0          0          0          0   rtexit2.o
        12          4          0          0          0         68   sys_exit.o
        74          0          0          0          0         80   sys_stackheap_outer.o
         2          0          0          0          0         68   use_no_semi.o
        98          4          0          0          0         92   d2f.o
       826         16          0          0          0        348   daddsub_clz.o
        16          4          0          0          0         68   dcheck1.o
        24          0          0          0          0         68   dcmpi.o
       688        140          0          0          0        208   ddiv.o
       120          4          0          0          0         92   deqf.o
        94          4          0          0          0         92   dfix.o
        84          0          0          0          0        136   dflt_clz.o
       120          4          0          0          0         92   dleqf.o
       340         12          0          0          0        104   dmul.o
       156          4          0          0          0         92   dnaninf.o
        12          0          0          0          0         68   dretinf.o
       108          0          0          0          0         80   drleqf.o
       460         56          0          0          0        120   dsqrt_noumaal.o
        86          4          0          0          0         84   f2d.o
       430          8          0          0          0        168   faddsub_clz.o
        12          4          0          0          0         68   fcheck1.o
        24          0          0          0          0         68   fcmpi.o
       388         76          0          0          0         96   fdiv.o
        48          0          0          0          0         68   fflt_clz.o
       104          4          0          0          0         84   fleqf.o
       258          4          0          0          0         84   fmul.o
       140          4          0          0          0         84   fnaninf.o
        10          0          0          0          0         68   fretinf.o
        98          0          0          0          0         68   frleqf.o
       100          0          0          0          0         68   retnan.o
        92          0          0          0          0         68   scalbn.o
        76          0          0          0          0         68   scalbnf.o
        48          0          0          0          0         68   trapv.o
         0          0          0          0          0          0   usenofp.o
       544         70        152          0          0        124   atan.o
       412         38          0          0          0        144   atan2.o
       156          8          0          0          0        104   cos.o
       252         22         48          0          0        124   cos_i.o
        68         10          0          0          0        408   dunder.o
        40          0          0          0          0         68   fpclassify.o
       170          0          0          0          0         96   poly.o
      2520        190        136          0          0        324   pow.o
         0          0          8          0          0          0   qnan.o
       904         76        200          0          0        140   rred.o
       160         10          0          0          0        108   sin.o
       236         12         40          0          0        128   sin_i.o
        76          0          0          0          0         84   sqrt.o

    ----------------------------------------------------------------------
     11268        808        584          0         96       5704   Library Totals
        20          0          0          0          0          0   (incl. Padding)

    ----------------------------------------------------------------------

      Code (inc. data)   RO Data    RW Data    ZI Data      Debug   Library Name

       650         20          0          0         96        980   c_w.l
      5060        352          0          0          0       2872   fz_ws.l
      5538        436        584          0          0       1852   m_ws.l

    ----------------------------------------------------------------------
     11268        808        584          0         96       5704   Library Totals

    ----------------------------------------------------------------------

==============================================================================


      Code (inc. data)   RO Data    RW Data    ZI Data      Debug   

     26292       1780       1848        592       6056    1052216   Grand Totals
     26292       1780       1848        352       6056    1052216   ELF Image Totals (compressed)
     26292       1780       1848        352          0          0   ROM Totals

==============================================================================

    Total RO  Size (Code + RO Data)                28140 (  27.48kB)
    Total RW  Size (RW Data + ZI Data)              6648 (   6.49kB)
    Total ROM Size (Code + RO Data + RW Data)      28492 (  27.82kB)

==============================================================================

